Component: ARM Compiler 6.15 Tool: armlink [5dd79300]

==============================================================================

Section Cross References

    main.o(.ARM.exidx.text.GPIODirModeSet) refers to main.o(.text.GPIODirModeSet) for [Anonymous Symbol]
    main.o(.ARM.exidx.text.GPIODirModeGet) refers to main.o(.text.GPIODirModeGet) for [Anonymous Symbol]
    main.o(.ARM.exidx.text.GPIOIntTypeSet) refers to main.o(.text.GPIOIntTypeSet) for [Anonymous Symbol]
    main.o(.ARM.exidx.text.GPIOIntTypeGet) refers to main.o(.text.GPIOIntTypeGet) for [Anonymous Symbol]
    main.o(.ARM.exidx.text.GPIOPadConfigSet) refers to main.o(.text.GPIOPadConfigSet) for [Anonymous Symbol]
    main.o(.ARM.exidx.text.GPIOPadConfigGet) refers to main.o(.text.GPIOPadConfigGet) for [Anonymous Symbol]
    main.o(.ARM.exidx.text.GPIOIntEnable) refers to main.o(.text.GPIOIntEnable) for [Anonymous Symbol]
    main.o(.ARM.exidx.text.GPIOIntDisable) refers to main.o(.text.GPIOIntDisable) for [Anonymous Symbol]
    main.o(.ARM.exidx.text.GPIOIntStatus) refers to main.o(.text.GPIOIntStatus) for [Anonymous Symbol]
    main.o(.ARM.exidx.text.GPIOIntClear) refers to main.o(.text.GPIOIntClear) for [Anonymous Symbol]
    main.o(.text.GPIOIntRegister) refers to main.o(.text._GPIOIntNumberGet) for _GPIOIntNumberGet
    main.o(.text.GPIOIntRegister) refers to interrupt.o(i.IntRegister) for IntRegister
    main.o(.text.GPIOIntRegister) refers to interrupt.o(i.IntEnable) for IntEnable
    main.o(.ARM.exidx.text.GPIOIntRegister) refers to main.o(.text.GPIOIntRegister) for [Anonymous Symbol]
    main.o(.text._GPIOIntNumberGet) refers to main.o(.rodata.g_ppui32GPIOIntMapBlizzard) for g_ppui32GPIOIntMapBlizzard
    main.o(.text._GPIOIntNumberGet) refers to main.o(.rodata.g_ppui32GPIOIntMapSnowflake) for g_ppui32GPIOIntMapSnowflake
    main.o(.ARM.exidx.text._GPIOIntNumberGet) refers to main.o(.text._GPIOIntNumberGet) for [Anonymous Symbol]
    main.o(.text.GPIOIntUnregister) refers to main.o(.text._GPIOIntNumberGet) for _GPIOIntNumberGet
    main.o(.text.GPIOIntUnregister) refers to interrupt.o(i.IntDisable) for IntDisable
    main.o(.text.GPIOIntUnregister) refers to interrupt.o(i.IntUnregister) for IntUnregister
    main.o(.ARM.exidx.text.GPIOIntUnregister) refers to main.o(.text.GPIOIntUnregister) for [Anonymous Symbol]
    main.o(.text.GPIOIntRegisterPin) refers to main.o(.text._GPIOIntNumberGet) for _GPIOIntNumberGet
    main.o(.text.GPIOIntRegisterPin) refers to interrupt.o(i.IntRegister) for IntRegister
    main.o(.text.GPIOIntRegisterPin) refers to interrupt.o(i.IntEnable) for IntEnable
    main.o(.ARM.exidx.text.GPIOIntRegisterPin) refers to main.o(.text.GPIOIntRegisterPin) for [Anonymous Symbol]
    main.o(.text.GPIOIntUnregisterPin) refers to main.o(.text._GPIOIntNumberGet) for _GPIOIntNumberGet
    main.o(.text.GPIOIntUnregisterPin) refers to interrupt.o(i.IntDisable) for IntDisable
    main.o(.text.GPIOIntUnregisterPin) refers to interrupt.o(i.IntUnregister) for IntUnregister
    main.o(.ARM.exidx.text.GPIOIntUnregisterPin) refers to main.o(.text.GPIOIntUnregisterPin) for [Anonymous Symbol]
    main.o(.ARM.exidx.text.GPIOPinRead) refers to main.o(.text.GPIOPinRead) for [Anonymous Symbol]
    main.o(.ARM.exidx.text.GPIOPinWrite) refers to main.o(.text.GPIOPinWrite) for [Anonymous Symbol]
    main.o(.text.GPIOPinTypeADC) refers to main.o(.text.GPIODirModeSet) for GPIODirModeSet
    main.o(.text.GPIOPinTypeADC) refers to main.o(.text.GPIOPadConfigSet) for GPIOPadConfigSet
    main.o(.ARM.exidx.text.GPIOPinTypeADC) refers to main.o(.text.GPIOPinTypeADC) for [Anonymous Symbol]
    main.o(.text.GPIOPinTypeCAN) refers to main.o(.text.GPIODirModeSet) for GPIODirModeSet
    main.o(.text.GPIOPinTypeCAN) refers to main.o(.text.GPIOPadConfigSet) for GPIOPadConfigSet
    main.o(.ARM.exidx.text.GPIOPinTypeCAN) refers to main.o(.text.GPIOPinTypeCAN) for [Anonymous Symbol]
    main.o(.text.GPIOPinTypeComparator) refers to main.o(.text.GPIODirModeSet) for GPIODirModeSet
    main.o(.text.GPIOPinTypeComparator) refers to main.o(.text.GPIOPadConfigSet) for GPIOPadConfigSet
    main.o(.ARM.exidx.text.GPIOPinTypeComparator) refers to main.o(.text.GPIOPinTypeComparator) for [Anonymous Symbol]
    main.o(.text.GPIOPinTypeComparatorOutput) refers to main.o(.text.GPIODirModeSet) for GPIODirModeSet
    main.o(.text.GPIOPinTypeComparatorOutput) refers to main.o(.text.GPIOPadConfigSet) for GPIOPadConfigSet
    main.o(.ARM.exidx.text.GPIOPinTypeComparatorOutput) refers to main.o(.text.GPIOPinTypeComparatorOutput) for [Anonymous Symbol]
    main.o(.text.GPIOPinTypeDIVSCLK) refers to main.o(.text.GPIODirModeSet) for GPIODirModeSet
    main.o(.text.GPIOPinTypeDIVSCLK) refers to main.o(.text.GPIOPadConfigSet) for GPIOPadConfigSet
    main.o(.ARM.exidx.text.GPIOPinTypeDIVSCLK) refers to main.o(.text.GPIOPinTypeDIVSCLK) for [Anonymous Symbol]
    main.o(.text.GPIOPinTypeEPI) refers to main.o(.text.GPIODirModeSet) for GPIODirModeSet
[...]
    Removing tasks.o(.ARM.exidx.text.prvAddNewTaskToReadyList), (8 bytes).
    Removing tasks.o(.text.vTaskDelete), (354 bytes).
    Removing tasks.o(.ARM.exidx.text.vTaskDelete), (8 bytes).
    Removing tasks.o(.ARM.exidx.text.prvResetNextTaskUnblockTime), (8 bytes).
    Removing tasks.o(.ARM.exidx.text.prvDeleteTCB), (8 bytes).
    Removing tasks.o(.text.xTaskDelayUntil), (288 bytes).
    Removing tasks.o(.ARM.exidx.text.xTaskDelayUntil), (8 bytes).
    Removing tasks.o(.ARM.exidx.text.vTaskSuspendAll), (8 bytes).
    Removing tasks.o(.ARM.exidx.text.prvAddCurrentTaskToDelayedList), (8 bytes).
    Removing tasks.o(.ARM.exidx.text.xTaskResumeAll), (8 bytes).
    Removing tasks.o(.text.vTaskDelay), (116 bytes).
    Removing tasks.o(.ARM.exidx.text.vTaskDelay), (8 bytes).
    Removing tasks.o(.text.eTaskGetState), (278 bytes).
    Removing tasks.o(.ARM.exidx.text.eTaskGetState), (8 bytes).
    Removing tasks.o(.text.uxTaskPriorityGet), (58 bytes).
    Removing tasks.o(.ARM.exidx.text.uxTaskPriorityGet), (8 bytes).
    Removing tasks.o(.text.uxTaskPriorityGetFromISR), (92 bytes).
    Removing tasks.o(.ARM.exidx.text.uxTaskPriorityGetFromISR), (8 bytes).
    Removing tasks.o(.text.vTaskPrioritySet), (492 bytes).
    Removing tasks.o(.ARM.exidx.text.vTaskPrioritySet), (8 bytes).
    Removing tasks.o(.text.vTaskSuspend), (394 bytes).
    Removing tasks.o(.ARM.exidx.text.vTaskSuspend), (8 bytes).
    Removing tasks.o(.ARM.exidx.text.vTaskSwitchContext), (8 bytes).
    Removing tasks.o(.text.vTaskResume), (266 bytes).
    Removing tasks.o(.ARM.exidx.text.vTaskResume), (8 bytes).
    Removing tasks.o(.text.prvTaskIsTaskSuspended), (110 bytes).
    Removing tasks.o(.ARM.exidx.text.prvTaskIsTaskSuspended), (8 bytes).
    Removing tasks.o(.text.xTaskResumeFromISR), (306 bytes).
    Removing tasks.o(.ARM.exidx.text.xTaskResumeFromISR), (8 bytes).
    Removing tasks.o(.ARM.exidx.text.vTaskStartScheduler), (8 bytes).
    Removing tasks.o(.ARM.exidx.text.prvIdleTask), (8 bytes).
    Removing tasks.o(.text.vTaskEndScheduler), (42 bytes).
    Removing tasks.o(.ARM.exidx.text.vTaskEndScheduler), (8 bytes).
    Removing tasks.o(.ARM.exidx.text.xTaskIncrementTick), (8 bytes).
    Removing tasks.o(.ARM.exidx.text.xTaskGetTickCount), (8 bytes).
    Removing tasks.o(.text.xTaskGetTickCountFromISR), (30 bytes).
    Removing tasks.o(.ARM.exidx.text.xTaskGetTickCountFromISR), (8 bytes).
    Removing tasks.o(.ARM.exidx.text.uxTaskGetNumberOfTasks), (8 bytes).
    Removing tasks.o(.text.pcTaskGetName), (74 bytes).
    Removing tasks.o(.ARM.exidx.text.pcTaskGetName), (8 bytes).
    Removing tasks.o(.text.xTaskCatchUpTicks), (84 bytes).
    Removing tasks.o(.ARM.exidx.text.xTaskCatchUpTicks), (8 bytes).
    Removing tasks.o(.ARM.exidx.text.vTaskPlaceOnEventList), (8 bytes).
    Removing tasks.o(.text.vTaskPlaceOnUnorderedEventList), (160 bytes).
    Removing tasks.o(.ARM.exidx.text.vTaskPlaceOnUnorderedEventList), (8 bytes).
    Removing tasks.o(.ARM.exidx.text.vTaskPlaceOnEventListRestricted), (8 bytes).
    Removing tasks.o(.ARM.exidx.text.xTaskRemoveFromEventList), (8 bytes).
    Removing tasks.o(.text.vTaskRemoveFromUnorderedEventList), (360 bytes).
    Removing tasks.o(.ARM.exidx.text.vTaskRemoveFromUnorderedEventList), (8 bytes).
    Removing tasks.o(.text.vTaskSetTimeOutState), (76 bytes).
    Removing tasks.o(.ARM.exidx.text.vTaskSetTimeOutState), (8 bytes).
    Removing tasks.o(.ARM.exidx.text.vTaskInternalSetTimeOutState), (8 bytes).
    Removing tasks.o(.ARM.exidx.text.xTaskCheckForTimeOut), (8 bytes).
    Removing tasks.o(.ARM.exidx.text.vTaskMissedYield), (8 bytes).
    Removing tasks.o(.text.xTaskGetCurrentTaskHandle), (20 bytes).
    Removing tasks.o(.ARM.exidx.text.xTaskGetCurrentTaskHandle), (8 bytes).
    Removing tasks.o(.ARM.exidx.text.xTaskGetSchedulerState), (8 bytes).
    Removing tasks.o(.ARM.exidx.text.xTaskPriorityInherit), (8 bytes).
    Removing tasks.o(.ARM.exidx.text.xTaskPriorityDisinherit), (8 bytes).
    Removing tasks.o(.ARM.exidx.text.vTaskPriorityDisinheritAfterTimeout), (8 bytes).
    Removing tasks.o(.text.uxTaskResetEventItemValue), (34 bytes).
    Removing tasks.o(.ARM.exidx.text.uxTaskResetEventItemValue), (8 bytes).
    Removing tasks.o(.ARM.exidx.text.pvTaskIncrementMutexHeldCount), (8 bytes).
    Removing tasks.o(.text.ulTaskGenericNotifyTake), (258 bytes).
    Removing tasks.o(.ARM.exidx.text.ulTaskGenericNotifyTake), (8 bytes).
    Removing tasks.o(.text.xTaskGenericNotifyWait), (290 bytes).
    Removing tasks.o(.ARM.exidx.text.xTaskGenericNotifyWait), (8 bytes).
    Removing tasks.o(.text.xTaskGenericNotify), (566 bytes).
    Removing tasks.o(.ARM.exidx.text.xTaskGenericNotify), (8 bytes).
    Removing tasks.o(.text.xTaskGenericNotifyFromISR), (682 bytes).
    Removing tasks.o(.ARM.exidx.text.xTaskGenericNotifyFromISR), (8 bytes).
    Removing tasks.o(.text.vTaskGenericNotifyGiveFromISR), (506 bytes).
    Removing tasks.o(.ARM.exidx.text.vTaskGenericNotifyGiveFromISR), (8 bytes).
    Removing tasks.o(.text.xTaskGenericNotifyStateClear), (124 bytes).
    Removing tasks.o(.ARM.exidx.text.xTaskGenericNotifyStateClear), (8 bytes).
    Removing tasks.o(.text.ulTaskGenericNotifyValueClear), (86 bytes).
    Removing tasks.o(.ARM.exidx.text.ulTaskGenericNotifyValueClear), (8 bytes).
    Removing tasks.o(.ARM.exidx.text.prvInitialiseTaskLists), (8 bytes).
    Removing tasks.o(.ARM.exidx.text.prvCheckTasksWaitingTermination), (8 bytes).
    Removing timers.o(.text), (0 bytes).
    Removing timers.o(.ARM.exidx.text.xTimerCreateTimerTask), (8 bytes).
    Removing timers.o(.ARM.exidx.text.prvCheckForValidListAndQueue), (8 bytes).
    Removing timers.o(.ARM.exidx.text.prvTimerTask), (8 bytes).
    Removing timers.o(.text.xTimerCreate), (82 bytes).
    Removing timers.o(.ARM.exidx.text.xTimerCreate), (8 bytes).
    Removing timers.o(.text.prvInitialiseNewTimer), (114 bytes).
    Removing timers.o(.ARM.exidx.text.prvInitialiseNewTimer), (8 bytes).
    Removing timers.o(.text.xTimerGenericCommand), (182 bytes).
    Removing timers.o(.ARM.exidx.text.xTimerGenericCommand), (8 bytes).
    Removing timers.o(.text.xTimerGetTimerDaemonTaskHandle), (54 bytes).
    Removing timers.o(.ARM.exidx.text.xTimerGetTimerDaemonTaskHandle), (8 bytes).
    Removing timers.o(.text.xTimerGetPeriod), (46 bytes).
    Removing timers.o(.ARM.exidx.text.xTimerGetPeriod), (8 bytes).
    Removing timers.o(.text.vTimerSetReloadMode), (94 bytes).
    Removing timers.o(.ARM.exidx.text.vTimerSetReloadMode), (8 bytes).
    Removing timers.o(.text.xTimerGetReloadMode), (80 bytes).
    Removing timers.o(.ARM.exidx.text.xTimerGetReloadMode), (8 bytes).
    Removing timers.o(.text.uxTimerGetReloadMode), (16 bytes).
    Removing timers.o(.ARM.exidx.text.uxTimerGetReloadMode), (8 bytes).
    Removing timers.o(.text.xTimerGetExpiryTime), (50 bytes).
    Removing timers.o(.ARM.exidx.text.xTimerGetExpiryTime), (8 bytes).
    Removing timers.o(.text.pcTimerGetName), (46 bytes).
    Removing timers.o(.ARM.exidx.text.pcTimerGetName), (8 bytes).
    Removing timers.o(.text.xTimerIsTimerActive), (80 bytes).
    Removing timers.o(.ARM.exidx.text.xTimerIsTimerActive), (8 bytes).
    Removing timers.o(.text.pvTimerGetTimerID), (60 bytes).
    Removing timers.o(.ARM.exidx.text.pvTimerGetTimerID), (8 bytes).
    Removing timers.o(.text.vTimerSetTimerID), (60 bytes).
    Removing timers.o(.ARM.exidx.text.vTimerSetTimerID), (8 bytes).
    Removing timers.o(.ARM.exidx.text.prvGetNextExpireTime), (8 bytes).
    Removing timers.o(.ARM.exidx.text.prvProcessTimerOrBlockTask), (8 bytes).
    Removing timers.o(.ARM.exidx.text.prvProcessReceivedCommands), (8 bytes).
    Removing timers.o(.ARM.exidx.text.prvSampleTimeNow), (8 bytes).
    Removing timers.o(.ARM.exidx.text.prvProcessExpiredTimer), (8 bytes).
    Removing timers.o(.ARM.exidx.text.prvSwitchTimerLists), (8 bytes).
    Removing timers.o(.ARM.exidx.text.prvReloadTimer), (8 bytes).
    Removing timers.o(.ARM.exidx.text.prvInsertTimerInActiveList), (8 bytes).
    Removing interrupt.o(i.IntDisable), (100 bytes).
    Removing interrupt.o(i.IntIsEnabled), (96 bytes).
    Removing interrupt.o(i.IntMasterDisable), (14 bytes).
    Removing interrupt.o(i.IntMasterEnable), (14 bytes).
    Removing interrupt.o(i.IntPendClear), (68 bytes).
    Removing interrupt.o(i.IntPendSet), (84 bytes).
    Removing interrupt.o(i.IntPriorityGet), (28 bytes).
    Removing interrupt.o(i.IntPriorityGroupingGet), (36 bytes).
    Removing interrupt.o(i.IntPriorityGroupingSet), (28 bytes).
    Removing interrupt.o(i.IntPriorityMaskGet), (4 bytes).
    Removing interrupt.o(i.IntPriorityMaskSet), (4 bytes).
    Removing interrupt.o(i.IntTrigger), (12 bytes).
    Removing interrupt.o(i.IntUnregister), (20 bytes).
    Removing interrupt.o(i._IntDefaultHandler), (2 bytes).
    Removing sysctl.o(.emb_text), (6 bytes).
    Removing sysctl.o(i.SysCtlAltClkConfig), (12 bytes).
    Removing sysctl.o(i.SysCtlClockFreqSet), (740 bytes).
    Removing sysctl.o(i.SysCtlClockGet), (340 bytes).
    Removing sysctl.o(i.SysCtlClockOutConfig), (20 bytes).
    Removing sysctl.o(i.SysCtlClockSet), (288 bytes).
    Removing sysctl.o(i.SysCtlDeepSleep), (32 bytes).
    Removing sysctl.o(i.SysCtlDeepSleepClockConfigSet), (112 bytes).
    Removing sysctl.o(i.SysCtlDeepSleepClockSet), (12 bytes).
    Removing sysctl.o(i.SysCtlDeepSleepPowerSet), (12 bytes).
    Removing sysctl.o(i.SysCtlFlashSectorSizeGet), (56 bytes).
    Removing sysctl.o(i.SysCtlFlashSizeGet), (56 bytes).
    Removing sysctl.o(i.SysCtlGPIOAHBDisable), (28 bytes).
    Removing sysctl.o(i.SysCtlGPIOAHBEnable), (24 bytes).
    Removing sysctl.o(i.SysCtlIntClear), (12 bytes).
    Removing sysctl.o(i.SysCtlIntDisable), (16 bytes).
    Removing sysctl.o(i.SysCtlIntEnable), (16 bytes).
    Removing sysctl.o(i.SysCtlIntRegister), (20 bytes).
    Removing sysctl.o(i.SysCtlIntStatus), (16 bytes).
    Removing sysctl.o(i.SysCtlIntUnregister), (18 bytes).
    Removing sysctl.o(i.SysCtlLDODeepSleepGet), (12 bytes).
    Removing sysctl.o(i.SysCtlLDODeepSleepSet), (12 bytes).
    Removing sysctl.o(i.SysCtlLDOSleepGet), (12 bytes).
    Removing sysctl.o(i.SysCtlLDOSleepSet), (12 bytes).
    Removing sysctl.o(i.SysCtlMOSCConfigSet), (12 bytes).
    Removing sysctl.o(i.SysCtlNMIClear), (16 bytes).
    Removing sysctl.o(i.SysCtlNMIStatus), (12 bytes).
    Removing sysctl.o(i.SysCtlPIOSCCalibrate), (76 bytes).
    Removing sysctl.o(i.SysCtlPWMClockGet), (24 bytes).
    Removing sysctl.o(i.SysCtlPWMClockSet), (20 bytes).
    Removing sysctl.o(i.SysCtlPeripheralClockGating), (68 bytes).
    Removing sysctl.o(i.SysCtlPeripheralDeepSleepDisable), (40 bytes).
    Removing sysctl.o(i.SysCtlPeripheralDeepSleepEnable), (40 bytes).
    Removing sysctl.o(i.SysCtlPeripheralDisable), (40 bytes).
    Removing sysctl.o(i.SysCtlPeripheralPowerOff), (40 bytes).
    Removing sysctl.o(i.SysCtlPeripheralPowerOn), (40 bytes).
    Removing sysctl.o(i.SysCtlPeripheralPresent), (44 bytes).
    Removing sysctl.o(i.SysCtlPeripheralReset), (60 bytes).
    Removing sysctl.o(i.SysCtlPeripheralSleepDisable), (40 bytes).
    Removing sysctl.o(i.SysCtlPeripheralSleepEnable), (40 bytes).
    Removing sysctl.o(i.SysCtlReset), (16 bytes).
    Removing sysctl.o(i.SysCtlResetBehaviorGet), (12 bytes).
    Removing sysctl.o(i.SysCtlResetBehaviorSet), (12 bytes).
    Removing sysctl.o(i.SysCtlResetCauseClear), (16 bytes).
    Removing sysctl.o(i.SysCtlResetCauseGet), (12 bytes).
    Removing sysctl.o(i.SysCtlSRAMSizeGet), (16 bytes).
    Removing sysctl.o(i.SysCtlSleep), (4 bytes).
    Removing sysctl.o(i.SysCtlSleepPowerSet), (12 bytes).
    Removing sysctl.o(i.SysCtlUSBPLLDisable), (16 bytes).
    Removing sysctl.o(i.SysCtlUSBPLLEnable), (16 bytes).
    Removing sysctl.o(i.SysCtlVCOGet), (120 bytes).
    Removing sysctl.o(i.SysCtlVoltageEventClear), (16 bytes).
    Removing sysctl.o(i.SysCtlVoltageEventConfig), (12 bytes).
    Removing sysctl.o(i.SysCtlVoltageEventStatus), (12 bytes).
    Removing sysctl.o(.constdata), (596 bytes).
    Removing cpu.o(.emb_text), (38 bytes).

386 unused section(s) (total 18218 bytes) removed from the image.

==============================================================================

Image Symbol Table

    Local Symbols

    Symbol Name                              Value     Ov Type        Size  Object(Section)

    ../clib/../cmprslib/zerorunl.c           0x00000000   Number         0  __dczerorl.o ABSOLUTE
    ../clib/microlib/init/entry.s            0x00000000   Number         0  entry.o ABSOLUTE
    ../clib/microlib/init/entry.s            0x00000000   Number         0  entry2.o ABSOLUTE
    ../clib/microlib/init/entry.s            0x00000000   Number         0  entry5.o ABSOLUTE
    ../clib/microlib/init/entry.s            0x00000000   Number         0  entry7a.o ABSOLUTE
    ../clib/microlib/init/entry.s            0x00000000   Number         0  entry7b.o ABSOLUTE
    ../clib/microlib/init/entry.s            0x00000000   Number         0  entry8a.o ABSOLUTE
    ../clib/microlib/init/entry.s            0x00000000   Number         0  entry8b.o ABSOLUTE
    ../clib/microlib/init/entry.s            0x00000000   Number         0  entry9a.o ABSOLUTE
    ../clib/microlib/init/entry.s            0x00000000   Number         0  entry9b.o ABSOLUTE
    ../clib/microlib/init/entry.s            0x00000000   Number         0  entry10a.o ABSOLUTE
    ../clib/microlib/init/entry.s            0x00000000   Number         0  entry10b.o ABSOLUTE
    ../clib/microlib/init/entry.s            0x00000000   Number         0  entry11a.o ABSOLUTE
    ../clib/microlib/init/entry.s            0x00000000   Number         0  entry11b.o ABSOLUTE
    ../clib/microlib/string/memcpy.c         0x00000000   Number         0  memcpya.o ABSOLUTE
    ../clib/microlib/string/memcpy.c         0x00000000   Number         0  memcpyb.o ABSOLUTE
    ../clib/microlib/string/memset.c         0x00000000   Number         0  memseta.o ABSOLUTE
    RTE\Device\TM4C123GH6PM\startup_TM4C123.s 0x00000000   Number         0  startup_tm4c123.o ABSOLUTE
    cpu.c                                    0x00000000   Number         0  cpu.o ABSOLUTE
    cpu.c                                    0x00000000   Number         0  cpu.o ABSOLUTE
    dc.s                                     0x00000000   Number         0  dc.o ABSOLUTE
    freertos_evr.c                           0x00000000   Number         0  freertos_evr.o ABSOLUTE
    handlers.s                               0x00000000   Number         0  handlers.o ABSOLUTE
    heap_1.c                                 0x00000000   Number         0  heap_1.o ABSOLUTE
    init.s                                   0x00000000   Number         0  init.o ABSOLUTE
    interrupt.c                              0x00000000   Number         0  interrupt.o ABSOLUTE
    list.c                                   0x00000000   Number         0  list.o ABSOLUTE
    main.c                                   0x00000000   Number         0  main.o ABSOLUTE
    port.c                                   0x00000000   Number         0  port.o ABSOLUTE
    queue.c                                  0x00000000   Number         0  queue.o ABSOLUTE
    sysctl.c                                 0x00000000   Number         0  sysctl.o ABSOLUTE
    sysctl.c                                 0x00000000   Number         0  sysctl.o ABSOLUTE
    system_TM4C123.c                         0x00000000   Number         0  system_tm4c123.o ABSOLUTE
    tasks.c                                  0x00000000   Number         0  tasks.o ABSOLUTE
    timers.c                                 0x00000000   Number         0  timers.o ABSOLUTE
    RESET                                    0x00000000   Section      620  startup_tm4c123.o(RESET)
    .ARM.Collect$$$$00000000                 0x0000026c   Section        0  entry.o(.ARM.Collect$$$$00000000)
    .ARM.Collect$$$$00000001                 0x0000026c   Section        4  entry2.o(.ARM.Collect$$$$00000001)
    .ARM.Collect$$$$00000004                 0x00000270   Section        4  entry5.o(.ARM.Collect$$$$00000004)
    .ARM.Collect$$$$00000008                 0x00000274   Section        0  entry7b.o(.ARM.Collect$$$$00000008)
    .ARM.Collect$$$$0000000A                 0x00000274   Section        0  entry8b.o(.ARM.Collect$$$$0000000A)
    .ARM.Collect$$$$0000000B                 0x00000274   Section        8  entry9a.o(.ARM.Collect$$$$0000000B)
    __lit__00000000                          0x0000027c   Data           4  entry2.o(.ARM.Collect$$$$00002712)
    .ARM.Collect$$$$0000000D                 0x0000027c   Section        0  entry10a.o(.ARM.Collect$$$$0000000D)
    .ARM.Collect$$$$0000000F                 0x0000027c   Section        0  entry11a.o(.ARM.Collect$$$$0000000F)
    .ARM.Collect$$$$00002712                 0x0000027c   Section        4  entry2.o(.ARM.Collect$$$$00002712)
    $v0                                      0x00000280   Number         0  startup_tm4c123.o(.text)
    .text                                    0x00000280   Section      252  startup_tm4c123.o(.text)
    .text                                    0x0000037c   Section        0  memcpya.o(.text)
    .text                                    0x000003a0   Section        0  memseta.o(.text)
    .text                                    0x000003c4   Section       36  init.o(.text)
    .text                                    0x000003e8   Section        0  __dczerorl.o(.text)
    [Anonymous Symbol]                       0x00000424   Section        0  main.o(.text.GPIOA_Handler)
    [Anonymous Symbol]                       0x00000668   Section        0  main.o(.text.GPIOB_Handler)
    [Anonymous Symbol]                       0x00000804   Section        0  main.o(.text.GPIODirModeSet)
    [Anonymous Symbol]                       0x0000087c   Section        0  main.o(.text.GPIOIntClear)
    [Anonymous Symbol]                       0x00000890   Section        0  main.o(.text.GPIOIntDisable)
    [Anonymous Symbol]                       0x000008ac   Section        0  main.o(.text.GPIOIntEnable)
    [Anonymous Symbol]                       0x000008c4   Section        0  main.o(.text.GPIOIntRegister)
    [Anonymous Symbol]                       0x000008e8   Section        0  main.o(.text.GPIOIntTypeSet)
    [Anonymous Symbol]                       0x000009c4   Section        0  main.o(.text.GPIOPadConfigSet)
    [Anonymous Symbol]                       0x00000d0c   Section        0  main.o(.text.GPIOPinRead)
    [Anonymous Symbol]                       0x00000d24   Section        0  main.o(.text.GPIOPinTypeGPIOInput)
    [Anonymous Symbol]                       0x00000d54   Section        0  main.o(.text.GPIOPinTypeGPIOOutput)
    [Anonymous Symbol]                       0x00000d88   Section        0  main.o(.text.GPIOPinWrite)
    [Anonymous Symbol]                       0x00000dac   Section        0  main.o(.text.GPIOUnlockPin)
    [Anonymous Symbol]                       0x00000de0   Section        0  port.o(.text.PendSV_Handler)
    pxCurrentTCBConst                        0x00000e40   Number         0  port.o(.text.PendSV_Handler)
    [Anonymous Symbol]                       0x00000e50   Section        0  port.o(.text.SVC_Handler)
    pxCurrentTCBConst2                       0x00000e70   Number         0  port.o(.text.SVC_Handler)
    [Anonymous Symbol]                       0x00000e74   Section        0  port.o(.text.SysTick_Handler)
    [Anonymous Symbol]                       0x00000eb4   Section        0  system_tm4c123.o(.text.SystemInit)
    _GPIOIntNumberGet                        0x00000fc1   Thumb Code   132  main.o(.text._GPIOIntNumberGet)
    [Anonymous Symbol]                       0x00000fc0   Section        0  main.o(.text._GPIOIntNumberGet)
    [Anonymous Symbol]                       0x00001044   Section        0  main.o(.text.delayMs)
    [Anonymous Symbol]                       0x00001084   Section        0  main.o(.text.driver_automatic_down)
    [Anonymous Symbol]                       0x00001110   Section        0  main.o(.text.driver_automatic_up)
    [Anonymous Symbol]                       0x00001248   Section        0  main.o(.text.driver_manual_down)
    [Anonymous Symbol]                       0x00001324   Section        0  main.o(.text.driver_manual_up)
    [Anonymous Symbol]                       0x000013f4   Section        0  main.o(.text.init)
    [Anonymous Symbol]                       0x0000157c   Section        0  main.o(.text.jamming)
    [Anonymous Symbol]                       0x000015d4   Section        0  main.o(.text.lock)
    [Anonymous Symbol]                       0x00001648   Section        0  main.o(.text.main)
    [Anonymous Symbol]                       0x000018ec   Section        0  main.o(.text.passenger_automatic_down)
    [Anonymous Symbol]                       0x00001978   Section        0  main.o(.text.passenger_automatic_up)
    [Anonymous Symbol]                       0x00001ab0   Section        0  main.o(.text.passenger_manual_down)
    [Anonymous Symbol]                       0x00001b60   Section        0  main.o(.text.passenger_manual_up)
    prvAddCurrentTaskToDelayedList           0x00001c09   Thumb Code   290  tasks.o(.text.prvAddCurrentTaskToDelayedList)
    [Anonymous Symbol]                       0x00001c08   Section        0  tasks.o(.text.prvAddCurrentTaskToDelayedList)
    prvAddNewTaskToReadyList                 0x00001d2d   Thumb Code   340  tasks.o(.text.prvAddNewTaskToReadyList)
    [Anonymous Symbol]                       0x00001d2c   Section        0  tasks.o(.text.prvAddNewTaskToReadyList)
    prvCheckForValidListAndQueue             0x00001e81   Thumb Code   108  timers.o(.text.prvCheckForValidListAndQueue)
    [Anonymous Symbol]                       0x00001e80   Section        0  timers.o(.text.prvCheckForValidListAndQueue)
    prvCheckTasksWaitingTermination          0x00001eed   Thumb Code    94  tasks.o(.text.prvCheckTasksWaitingTermination)
    [Anonymous Symbol]                       0x00001eec   Section        0  tasks.o(.text.prvCheckTasksWaitingTermination)
    prvCopyDataFromQueue                     0x00001f4d   Thumb Code    74  queue.o(.text.prvCopyDataFromQueue)
    [Anonymous Symbol]                       0x00001f4c   Section        0  queue.o(.text.prvCopyDataFromQueue)
    prvCopyDataToQueue                       0x00001f99   Thumb Code   224  queue.o(.text.prvCopyDataToQueue)
    [Anonymous Symbol]                       0x00001f98   Section        0  queue.o(.text.prvCopyDataToQueue)
    prvDeleteTCB                             0x00002079   Thumb Code    24  tasks.o(.text.prvDeleteTCB)
    [Anonymous Symbol]                       0x00002078   Section        0  tasks.o(.text.prvDeleteTCB)
    prvGetDisinheritPriorityAfterTimeout     0x00002091   Thumb Code    40  queue.o(.text.prvGetDisinheritPriorityAfterTimeout)
    [Anonymous Symbol]                       0x00002090   Section        0  queue.o(.text.prvGetDisinheritPriorityAfterTimeout)
    prvGetNextExpireTime                     0x000020b9   Thumb Code    66  timers.o(.text.prvGetNextExpireTime)
    [Anonymous Symbol]                       0x000020b8   Section        0  timers.o(.text.prvGetNextExpireTime)
    prvIdleTask                              0x000020fd   Thumb Code    56  tasks.o(.text.prvIdleTask)
    [Anonymous Symbol]                       0x000020fc   Section        0  tasks.o(.text.prvIdleTask)
    prvInitialiseMutex                       0x00002135   Thumb Code    48  queue.o(.text.prvInitialiseMutex)
    [Anonymous Symbol]                       0x00002134   Section        0  queue.o(.text.prvInitialiseMutex)
    prvInitialiseNewQueue                    0x00002165   Thumb Code    72  queue.o(.text.prvInitialiseNewQueue)
    [Anonymous Symbol]                       0x00002164   Section        0  queue.o(.text.prvInitialiseNewQueue)
    prvInitialiseNewTask                     0x000021ad   Thumb Code   282  tasks.o(.text.prvInitialiseNewTask)
    [Anonymous Symbol]                       0x000021ac   Section        0  tasks.o(.text.prvInitialiseNewTask)
    prvInitialiseTaskLists                   0x000022c9   Thumb Code   142  tasks.o(.text.prvInitialiseTaskLists)
    [Anonymous Symbol]                       0x000022c8   Section        0  tasks.o(.text.prvInitialiseTaskLists)
    prvInsertTimerInActiveList               0x00002359   Thumb Code   134  timers.o(.text.prvInsertTimerInActiveList)
    [Anonymous Symbol]                       0x00002358   Section        0  timers.o(.text.prvInsertTimerInActiveList)
    prvIsQueueEmpty                          0x000023e1   Thumb Code    42  queue.o(.text.prvIsQueueEmpty)
    [Anonymous Symbol]                       0x000023e0   Section        0  queue.o(.text.prvIsQueueEmpty)
    prvIsQueueFull                           0x0000240d   Thumb Code    46  queue.o(.text.prvIsQueueFull)
    [Anonymous Symbol]                       0x0000240c   Section        0  queue.o(.text.prvIsQueueFull)
    prvNotifyQueueSetContainer               0x0000243d   Thumb Code   244  queue.o(.text.prvNotifyQueueSetContainer)
    [Anonymous Symbol]                       0x0000243c   Section        0  queue.o(.text.prvNotifyQueueSetContainer)
    prvPortStartFirstTask                    0x00002531   Thumb Code    40  port.o(.text.prvPortStartFirstTask)
    [Anonymous Symbol]                       0x00002530   Section        0  port.o(.text.prvPortStartFirstTask)
    prvProcessExpiredTimer                   0x00002559   Thumb Code    84  timers.o(.text.prvProcessExpiredTimer)
    [Anonymous Symbol]                       0x00002558   Section        0  timers.o(.text.prvProcessExpiredTimer)
    prvProcessReceivedCommands               0x000025ad   Thumb Code   346  timers.o(.text.prvProcessReceivedCommands)
    [Anonymous Symbol]                       0x000025ac   Section        0  timers.o(.text.prvProcessReceivedCommands)
    prvProcessTimerOrBlockTask               0x00002709   Thumb Code   168  timers.o(.text.prvProcessTimerOrBlockTask)
    [Anonymous Symbol]                       0x00002708   Section        0  timers.o(.text.prvProcessTimerOrBlockTask)
    prvReloadTimer                           0x000027b1   Thumb Code    62  timers.o(.text.prvReloadTimer)
    [Anonymous Symbol]                       0x000027b0   Section        0  timers.o(.text.prvReloadTimer)
    prvResetNextTaskUnblockTime              0x000027f1   Thumb Code    62  tasks.o(.text.prvResetNextTaskUnblockTime)
    [Anonymous Symbol]                       0x000027f0   Section        0  tasks.o(.text.prvResetNextTaskUnblockTime)
    prvSampleTimeNow                         0x00002831   Thumb Code    68  timers.o(.text.prvSampleTimeNow)
    [Anonymous Symbol]                       0x00002830   Section        0  timers.o(.text.prvSampleTimeNow)
    prvSwitchTimerLists                      0x00002875   Thumb Code    84  timers.o(.text.prvSwitchTimerLists)
    [Anonymous Symbol]                       0x00002874   Section        0  timers.o(.text.prvSwitchTimerLists)
    prvTaskExitError                         0x000028c9   Thumb Code    80  port.o(.text.prvTaskExitError)
    [Anonymous Symbol]                       0x000028c8   Section        0  port.o(.text.prvTaskExitError)
    prvTimerTask                             0x00002919   Thumb Code    30  timers.o(.text.prvTimerTask)
    [Anonymous Symbol]                       0x00002918   Section        0  timers.o(.text.prvTimerTask)
    prvUnlockQueue                           0x00002939   Thumb Code   216  queue.o(.text.prvUnlockQueue)
    [Anonymous Symbol]                       0x00002938   Section        0  queue.o(.text.prvUnlockQueue)
    [Anonymous Symbol]                       0x00002a10   Section        0  heap_1.o(.text.pvPortMalloc)
    [Anonymous Symbol]                       0x00002adc   Section        0  tasks.o(.text.pvTaskIncrementMutexHeldCount)
    [Anonymous Symbol]                       0x00002b0c   Section        0  port.o(.text.pxPortInitialiseStack)
    [Anonymous Symbol]                       0x00002b6c   Section        0  list.o(.text.uxListRemove)
    [Anonymous Symbol]                       0x00002bb4   Section        0  tasks.o(.text.uxTaskGetNumberOfTasks)
    [Anonymous Symbol]                       0x00002bc0   Section        0  list.o(.text.vListInitialise)
    [Anonymous Symbol]                       0x00002bf0   Section        0  list.o(.text.vListInitialiseItem)
    [Anonymous Symbol]                       0x00002c00   Section        0  list.o(.text.vListInsert)
    vPortEnableVFP                           0x00002c6d   Thumb Code    20  port.o(.text.vPortEnableVFP)
    [Anonymous Symbol]                       0x00002c6c   Section        0  port.o(.text.vPortEnableVFP)
    [Anonymous Symbol]                       0x00002c80   Section        0  port.o(.text.vPortEnterCritical)
    [Anonymous Symbol]                       0x00002cd8   Section        0  port.o(.text.vPortExitCritical)
    [Anonymous Symbol]                       0x00002d28   Section        0  heap_1.o(.text.vPortFree)
    [Anonymous Symbol]                       0x00002d50   Section        0  port.o(.text.vPortSetupTimerInterrupt)
    [Anonymous Symbol]                       0x00002d94   Section        0  port.o(.text.vPortValidateInterruptPriority)
    [Anonymous Symbol]                       0x00002e18   Section        0  queue.o(.text.vQueueWaitForMessageRestricted)
    [Anonymous Symbol]                       0x00002e84   Section        0  tasks.o(.text.vTaskInternalSetTimeOutState)
    [Anonymous Symbol]                       0x00002ea8   Section        0  tasks.o(.text.vTaskMissedYield)
    [Anonymous Symbol]                       0x00002eb8   Section        0  tasks.o(.text.vTaskPlaceOnEventList)
    [Anonymous Symbol]                       0x00002efc   Section        0  tasks.o(.text.vTaskPlaceOnEventListRestricted)
    [Anonymous Symbol]                       0x00002f7c   Section        0  tasks.o(.text.vTaskPriorityDisinheritAfterTimeout)
    [Anonymous Symbol]                       0x00003104   Section        0  tasks.o(.text.vTaskStartScheduler)
    [Anonymous Symbol]                       0x000031c4   Section        0  tasks.o(.text.vTaskSuspendAll)
    __tagsym$$used.0                         0x000031d4   Number         0  tasks.o(.text.vTaskSwitchContext)
    [Anonymous Symbol]                       0x000031d4   Section        0  tasks.o(.text.vTaskSwitchContext)
    [Anonymous Symbol]                       0x00003298   Section        0  port.o(.text.xPortStartScheduler)
    [Anonymous Symbol]                       0x00003414   Section        0  queue.o(.text.xQueueCreateMutex)
    [Anonymous Symbol]                       0x00003444   Section        0  queue.o(.text.xQueueGenericCreate)
    [Anonymous Symbol]                       0x000034e8   Section        0  queue.o(.text.xQueueGenericReset)
    [Anonymous Symbol]                       0x000035fc   Section        0  queue.o(.text.xQueueGenericSend)
    [Anonymous Symbol]                       0x00003894   Section        0  queue.o(.text.xQueueGiveFromISR)
    [Anonymous Symbol]                       0x00003a2c   Section        0  queue.o(.text.xQueueReceive)
    [Anonymous Symbol]                       0x00003c2c   Section        0  queue.o(.text.xQueueSemaphoreTake)
    [Anonymous Symbol]                       0x00003e64   Section        0  tasks.o(.text.xTaskCheckForTimeOut)
    [Anonymous Symbol]                       0x00003f3c   Section        0  tasks.o(.text.xTaskCreate)
    [Anonymous Symbol]                       0x00003fec   Section        0  tasks.o(.text.xTaskGetSchedulerState)
    [Anonymous Symbol]                       0x00004028   Section        0  tasks.o(.text.xTaskGetTickCount)
    [Anonymous Symbol]                       0x0000403c   Section        0  tasks.o(.text.xTaskIncrementTick)
    [Anonymous Symbol]                       0x000042a8   Section        0  tasks.o(.text.xTaskPriorityDisinherit)
    [Anonymous Symbol]                       0x000043e8   Section        0  tasks.o(.text.xTaskPriorityInherit)
    [Anonymous Symbol]                       0x00004548   Section        0  tasks.o(.text.xTaskRemoveFromEventList)
    [Anonymous Symbol]                       0x000046d8   Section        0  tasks.o(.text.xTaskResumeAll)
    [Anonymous Symbol]                       0x00004904   Section        0  timers.o(.text.xTimerCreateTimerTask)
    i.IntEnable                              0x00004974   Section        0  interrupt.o(i.IntEnable)
    i.IntPrioritySet                         0x000049d8   Section        0  interrupt.o(i.IntPrioritySet)
    i.IntRegister                            0x00004a00   Section        0  interrupt.o(i.IntRegister)
    i.SysCtlPeripheralEnable                 0x00004a34   Section        0  sysctl.o(i.SysCtlPeripheralEnable)
    i.SysCtlPeripheralReady                  0x00004a5c   Section        0  sysctl.o(i.SysCtlPeripheralReady)
    i.__scatterload_copy                     0x00004a88   Section       14  handlers.o(i.__scatterload_copy)
    i.__scatterload_null                     0x00004a96   Section        2  handlers.o(i.__scatterload_null)
    i.__scatterload_zeroinit                 0x00004a98   Section       14  handlers.o(i.__scatterload_zeroinit)
    g_pui32Priority                          0x00004aa8   Data          32  interrupt.o(.constdata)
    .constdata                               0x00004aa8   Section      268  interrupt.o(.constdata)
    g_pui32Regs                              0x00004ac8   Data         156  interrupt.o(.constdata)
    g_pui32EnRegs                            0x00004b64   Data          20  interrupt.o(.constdata)
    g_pui32Dii16Regs                         0x00004b78   Data          20  interrupt.o(.constdata)
    g_pui32PendRegs                          0x00004b8c   Data          20  interrupt.o(.constdata)
    g_pui32UnpendRegs                        0x00004ba0   Data          20  interrupt.o(.constdata)
    g_ppui32GPIOIntMapBlizzard               0x00004bb4   Data         192  main.o(.rodata.g_ppui32GPIOIntMapBlizzard)
    [Anonymous Symbol]                       0x00004bb4   Section        0  main.o(.rodata.g_ppui32GPIOIntMapBlizzard)
    g_ppui32GPIOIntMapSnowflake              0x00004c74   Data         216  main.o(.rodata.g_ppui32GPIOIntMapSnowflake)
    [Anonymous Symbol]                       0x00004c74   Section        0  main.o(.rodata.g_ppui32GPIOIntMapSnowflake)
    .L.str.8                                 0x00004d4c   Data           8  main.o(.rodata.str1.1)
    [Anonymous Symbol]                       0x00004d4c   Section        0  main.o(.rodata.str1.1)
    .L.str.7                                 0x00004d54   Data          25  main.o(.rodata.str1.1)
    .L.str.3                                 0x00004d6d   Data          22  main.o(.rodata.str1.1)
    .L.str.5                                 0x00004d83   Data          22  main.o(.rodata.str1.1)
    .L.str.1                                 0x00004d99   Data          19  main.o(.rodata.str1.1)
    .L.str.6                                 0x00004dac   Data          23  main.o(.rodata.str1.1)
    .L.str.2                                 0x00004dc3   Data          20  main.o(.rodata.str1.1)
    .L.str.4                                 0x00004dd7   Data          20  main.o(.rodata.str1.1)
    .L.str                                   0x00004deb   Data          17  main.o(.rodata.str1.1)
    .L.str.9                                 0x00004dfc   Data          15  main.o(.rodata.str1.1)
    .L.str                                   0x00004e0b   Data           5  tasks.o(.rodata.str1.1)
    [Anonymous Symbol]                       0x00004e0b   Section        0  tasks.o(.rodata.str1.1)
    .L.str                                   0x00004e10   Data           8  timers.o(.rodata.str1.1)
    [Anonymous Symbol]                       0x00004e10   Section        0  timers.o(.rodata.str1.1)
    uxCriticalNesting                        0x20000004   Data           4  port.o(.data.uxCriticalNesting)
    [Anonymous Symbol]                       0x20000004   Section        0  port.o(.data.uxCriticalNesting)
    g_pfnRAMVectors                          0x20000400   Data         620  interrupt.o(vtable)
    vtable                                   0x20000400   Section      620  interrupt.o(vtable)
    prvSampleTimeNow.xLastTime               0x2000069c   Data           4  timers.o(.bss.prvSampleTimeNow.xLastTime)
    [Anonymous Symbol]                       0x2000069c   Section        0  timers.o(.bss.prvSampleTimeNow.xLastTime)
    pvPortMalloc.pucAlignedHeap              0x200006a0   Data           4  heap_1.o(.bss.pvPortMalloc.pucAlignedHeap)
    [Anonymous Symbol]                       0x200006a0   Section        0  heap_1.o(.bss.pvPortMalloc.pucAlignedHeap)
    __tagsym$$used.1                         0x200006a4   Number         0  tasks.o(.bss.pxCurrentTCB)
    pxCurrentTimerList                       0x200006a8   Data           4  timers.o(.bss.pxCurrentTimerList)
    [Anonymous Symbol]                       0x200006a8   Section        0  timers.o(.bss.pxCurrentTimerList)
    pxDelayedTaskList                        0x200006ac   Data           4  tasks.o(.bss.pxDelayedTaskList)
    [Anonymous Symbol]                       0x200006ac   Section        0  tasks.o(.bss.pxDelayedTaskList)
    pxOverflowDelayedTaskList                0x200006b0   Data           4  tasks.o(.bss.pxOverflowDelayedTaskList)
    [Anonymous Symbol]                       0x200006b0   Section        0  tasks.o(.bss.pxOverflowDelayedTaskList)
    pxOverflowTimerList                      0x200006b4   Data           4  timers.o(.bss.pxOverflowTimerList)
    [Anonymous Symbol]                       0x200006b4   Section        0  timers.o(.bss.pxOverflowTimerList)
    pxReadyTasksLists                        0x200006b8   Data         100  tasks.o(.bss.pxReadyTasksLists)
    [Anonymous Symbol]                       0x200006b8   Section        0  tasks.o(.bss.pxReadyTasksLists)
    ucHeap                                   0x2000071c   Data       10000  heap_1.o(.bss.ucHeap)
    [Anonymous Symbol]                       0x2000071c   Section        0  heap_1.o(.bss.ucHeap)
    ucMaxSysCallPriority                     0x20002e2c   Data           1  port.o(.bss.ucMaxSysCallPriority)
    [Anonymous Symbol]                       0x20002e2c   Section        0  port.o(.bss.ucMaxSysCallPriority)
    ulMaxPRIGROUPValue                       0x20002e30   Data           4  port.o(.bss.ulMaxPRIGROUPValue)
    [Anonymous Symbol]                       0x20002e30   Section        0  port.o(.bss.ulMaxPRIGROUPValue)
    uxCurrentNumberOfTasks                   0x20002e34   Data           4  tasks.o(.bss.uxCurrentNumberOfTasks)
    [Anonymous Symbol]                       0x20002e34   Section        0  tasks.o(.bss.uxCurrentNumberOfTasks)
    uxDeletedTasksWaitingCleanUp             0x20002e38   Data           4  tasks.o(.bss.uxDeletedTasksWaitingCleanUp)
    [Anonymous Symbol]                       0x20002e38   Section        0  tasks.o(.bss.uxDeletedTasksWaitingCleanUp)
    uxSchedulerSuspended                     0x20002e3c   Data           4  tasks.o(.bss.uxSchedulerSuspended)
    [Anonymous Symbol]                       0x20002e3c   Section        0  tasks.o(.bss.uxSchedulerSuspended)
    uxTaskNumber                             0x20002e40   Data           4  tasks.o(.bss.uxTaskNumber)
    [Anonymous Symbol]                       0x20002e40   Section        0  tasks.o(.bss.uxTaskNumber)
    uxTopReadyPriority                       0x20002e44   Data           4  tasks.o(.bss.uxTopReadyPriority)
    [Anonymous Symbol]                       0x20002e44   Section        0  tasks.o(.bss.uxTopReadyPriority)
    xActiveTimerList1                        0x20002e48   Data          20  timers.o(.bss.xActiveTimerList1)
    [Anonymous Symbol]                       0x20002e48   Section        0  timers.o(.bss.xActiveTimerList1)
    xActiveTimerList2                        0x20002e5c   Data          20  timers.o(.bss.xActiveTimerList2)
    [Anonymous Symbol]                       0x20002e5c   Section        0  timers.o(.bss.xActiveTimerList2)
    xDelayedTaskList1                        0x20002e74   Data          20  tasks.o(.bss.xDelayedTaskList1)
    [Anonymous Symbol]                       0x20002e74   Section        0  tasks.o(.bss.xDelayedTaskList1)
    xDelayedTaskList2                        0x20002e88   Data          20  tasks.o(.bss.xDelayedTaskList2)
    [Anonymous Symbol]                       0x20002e88   Section        0  tasks.o(.bss.xDelayedTaskList2)
    xIdleTaskHandle                          0x20002e9c   Data           4  tasks.o(.bss.xIdleTaskHandle)
    [Anonymous Symbol]                       0x20002e9c   Section        0  tasks.o(.bss.xIdleTaskHandle)
    xNextFreeByte                            0x20002ea0   Data           4  heap_1.o(.bss.xNextFreeByte)
    [Anonymous Symbol]                       0x20002ea0   Section        0  heap_1.o(.bss.xNextFreeByte)
    xNextTaskUnblockTime                     0x20002ea4   Data           4  tasks.o(.bss.xNextTaskUnblockTime)
    [Anonymous Symbol]                       0x20002ea4   Section        0  tasks.o(.bss.xNextTaskUnblockTime)
    xNumOfOverflows                          0x20002ea8   Data           4  tasks.o(.bss.xNumOfOverflows)
    [Anonymous Symbol]                       0x20002ea8   Section        0  tasks.o(.bss.xNumOfOverflows)
    xPendedTicks                             0x20002eac   Data           4  tasks.o(.bss.xPendedTicks)
    [Anonymous Symbol]                       0x20002eac   Section        0  tasks.o(.bss.xPendedTicks)
    xPendingReadyList                        0x20002eb0   Data          20  tasks.o(.bss.xPendingReadyList)
    [Anonymous Symbol]                       0x20002eb0   Section        0  tasks.o(.bss.xPendingReadyList)
    xSchedulerRunning                        0x20002ec4   Data           4  tasks.o(.bss.xSchedulerRunning)
    [Anonymous Symbol]                       0x20002ec4   Section        0  tasks.o(.bss.xSchedulerRunning)
    xSuspendedTaskList                       0x20002ec8   Data          20  tasks.o(.bss.xSuspendedTaskList)
    [Anonymous Symbol]                       0x20002ec8   Section        0  tasks.o(.bss.xSuspendedTaskList)
    xTasksWaitingTermination                 0x20002edc   Data          20  tasks.o(.bss.xTasksWaitingTermination)
    [Anonymous Symbol]                       0x20002edc   Section        0  tasks.o(.bss.xTasksWaitingTermination)
    xTickCount                               0x20002ef0   Data           4  tasks.o(.bss.xTickCount)
    [Anonymous Symbol]                       0x20002ef0   Section        0  tasks.o(.bss.xTickCount)
    xTimerQueue                              0x20002ef4   Data           4  timers.o(.bss.xTimerQueue)
    [Anonymous Symbol]                       0x20002ef4   Section        0  timers.o(.bss.xTimerQueue)
    xTimerTaskHandle                         0x20002ef8   Data           4  timers.o(.bss.xTimerTaskHandle)
    [Anonymous Symbol]                       0x20002ef8   Section        0  timers.o(.bss.xTimerTaskHandle)
    xYieldPending                            0x20002efc   Data           4  tasks.o(.bss.xYieldPending)
    [Anonymous Symbol]                       0x20002efc   Section        0  tasks.o(.bss.xYieldPending)
    STACK                                    0x20002f00   Section      512  startup_tm4c123.o(STACK)

    Global Symbols

    Symbol Name                              Value     Ov Type        Size  Object(Section)

    BuildAttributes$$THM_ISAv4$E$P$D$K$B$S$7EM$VFPi3$EXTD16$VFPS$VFMA$PE$A:L22UL41UL21$X:L11$S22US41US21$IEEE1$IW$~IW$USESV6$~STKCKD$USESV7$~SHL$OTIME$EBA8$MICROLIB$REQ8$PRES8$EABIv2 0x00000000   Number         0  anon$$obj.o ABSOLUTE
    __Vectors                                0x00000000   Data           4  startup_tm4c123.o(RESET)
    __cpp_initialize__aeabi_                  - Undefined Weak Reference
    __cxa_finalize                            - Undefined Weak Reference
    _clock_init                               - Undefined Weak Reference
    _microlib_exit                            - Undefined Weak Reference
    __Vectors_End                            0x0000026c   Data           0  startup_tm4c123.o(RESET)
    __Vectors_Size                           0x0000026c   Number         0  startup_tm4c123.o ABSOLUTE
    __main                                   0x0000026d   Thumb Code     0  entry.o(.ARM.Collect$$$$00000000)
    _main_stk                                0x0000026d   Thumb Code     0  entry2.o(.ARM.Collect$$$$00000001)
    _main_scatterload                        0x00000271   Thumb Code     0  entry5.o(.ARM.Collect$$$$00000004)
    __main_after_scatterload                 0x00000275   Thumb Code     0  entry5.o(.ARM.Collect$$$$00000004)
    _main_clock                              0x00000275   Thumb Code     0  entry7b.o(.ARM.Collect$$$$00000008)
    _main_cpp_init                           0x00000275   Thumb Code     0  entry8b.o(.ARM.Collect$$$$0000000A)
    _main_init                               0x00000275   Thumb Code     0  entry9a.o(.ARM.Collect$$$$0000000B)
    __rt_final_cpp                           0x0000027d   Thumb Code     0  entry10a.o(.ARM.Collect$$$$0000000D)
    __rt_final_exit                          0x0000027d   Thumb Code     0  entry11a.o(.ARM.Collect$$$$0000000F)
    Reset_Handler                            0x00000281   Thumb Code     8  startup_tm4c123.o(.text)
    NMI_Handler                              0x00000289   Thumb Code     2  startup_tm4c123.o(.text)
    HardFault_Handler                        0x0000028b   Thumb Code     2  startup_tm4c123.o(.text)
    MemManage_Handler                        0x0000028d   Thumb Code     2  startup_tm4c123.o(.text)
    BusFault_Handler                         0x0000028f   Thumb Code     2  startup_tm4c123.o(.text)
    UsageFault_Handler                       0x00000291   Thumb Code     2  startup_tm4c123.o(.text)
    DebugMon_Handler                         0x00000295   Thumb Code     2  startup_tm4c123.o(.text)
    GPIOC_Handler                            0x0000029f   Thumb Code     2  startup_tm4c123.o(.text)
    GPIOD_Handler                            0x000002a1   Thumb Code     2  startup_tm4c123.o(.text)
    GPIOE_Handler                            0x000002a3   Thumb Code     2  startup_tm4c123.o(.text)
    UART0_Handler                            0x000002a5   Thumb Code     2  startup_tm4c123.o(.text)
    UART1_Handler                            0x000002a7   Thumb Code     2  startup_tm4c123.o(.text)
    SSI0_Handler                             0x000002a9   Thumb Code     2  startup_tm4c123.o(.text)
    I2C0_Handler                             0x000002ab   Thumb Code     2  startup_tm4c123.o(.text)
    PMW0_FAULT_Handler                       0x000002ad   Thumb Code     2  startup_tm4c123.o(.text)
    PWM0_0_Handler                           0x000002af   Thumb Code     2  startup_tm4c123.o(.text)
    PWM0_1_Handler                           0x000002b1   Thumb Code     2  startup_tm4c123.o(.text)
    PWM0_2_Handler                           0x000002b3   Thumb Code     2  startup_tm4c123.o(.text)
    QEI0_Handler                             0x000002b5   Thumb Code     2  startup_tm4c123.o(.text)
    ADC0SS0_Handler                          0x000002b7   Thumb Code     2  startup_tm4c123.o(.text)
    ADC0SS1_Handler                          0x000002b9   Thumb Code     2  startup_tm4c123.o(.text)
    ADC0SS2_Handler                          0x000002bb   Thumb Code     2  startup_tm4c123.o(.text)
    ADC0SS3_Handler                          0x000002bd   Thumb Code     2  startup_tm4c123.o(.text)
    WDT0_Handler                             0x000002bf   Thumb Code     2  startup_tm4c123.o(.text)
    TIMER0A_Handler                          0x000002c1   Thumb Code     2  startup_tm4c123.o(.text)
    TIMER0B_Handler                          0x000002c3   Thumb Code     2  startup_tm4c123.o(.text)
    TIMER1A_Handler                          0x000002c5   Thumb Code     2  startup_tm4c123.o(.text)
    TIMER1B_Handler                          0x000002c7   Thumb Code     2  startup_tm4c123.o(.text)
    TIMER2A_Handler                          0x000002c9   Thumb Code     2  startup_tm4c123.o(.text)
    TIMER2B_Handler                          0x000002cb   Thumb Code     2  startup_tm4c123.o(.text)
    COMP0_Handler                            0x000002cd   Thumb Code     2  startup_tm4c123.o(.text)
    COMP1_Handler                            0x000002cf   Thumb Code     2  startup_tm4c123.o(.text)
    COMP2_Handler                            0x000002d1   Thumb Code     2  startup_tm4c123.o(.text)
    SYSCTL_Handler                           0x000002d3   Thumb Code     2  startup_tm4c123.o(.text)
    FLASH_Handler                            0x000002d5   Thumb Code     2  startup_tm4c123.o(.text)
    GPIOF_Handler                            0x000002d7   Thumb Code     2  startup_tm4c123.o(.text)
    GPIOG_Handler                            0x000002d9   Thumb Code     2  startup_tm4c123.o(.text)
    GPIOH_Handler                            0x000002db   Thumb Code     2  startup_tm4c123.o(.text)
    UART2_Handler                            0x000002dd   Thumb Code     2  startup_tm4c123.o(.text)
    SSI1_Handler                             0x000002df   Thumb Code     2  startup_tm4c123.o(.text)
    TIMER3A_Handler                          0x000002e1   Thumb Code     2  startup_tm4c123.o(.text)
    TIMER3B_Handler                          0x000002e3   Thumb Code     2  startup_tm4c123.o(.text)
    I2C1_Handler                             0x000002e5   Thumb Code     2  startup_tm4c123.o(.text)
    QEI1_Handler                             0x000002e7   Thumb Code     2  startup_tm4c123.o(.text)
    CAN0_Handler                             0x000002e9   Thumb Code     2  startup_tm4c123.o(.text)
    CAN1_Handler                             0x000002eb   Thumb Code     2  startup_tm4c123.o(.text)
    CAN2_Handler                             0x000002ed   Thumb Code     2  startup_tm4c123.o(.text)
    HIB_Handler                              0x000002ef   Thumb Code     2  startup_tm4c123.o(.text)
    USB0_Handler                             0x000002f1   Thumb Code     2  startup_tm4c123.o(.text)
    PWM0_3_Handler                           0x000002f3   Thumb Code     2  startup_tm4c123.o(.text)
    UDMA_Handler                             0x000002f5   Thumb Code     2  startup_tm4c123.o(.text)
    UDMAERR_Handler                          0x000002f7   Thumb Code     2  startup_tm4c123.o(.text)
    ADC1SS0_Handler                          0x000002f9   Thumb Code     2  startup_tm4c123.o(.text)
    ADC1SS1_Handler                          0x000002fb   Thumb Code     2  startup_tm4c123.o(.text)
    ADC1SS2_Handler                          0x000002fd   Thumb Code     2  startup_tm4c123.o(.text)
    ADC1SS3_Handler                          0x000002ff   Thumb Code     2  startup_tm4c123.o(.text)
    GPIOJ_Handler                            0x00000301   Thumb Code     2  startup_tm4c123.o(.text)
    GPIOK_Handler                            0x00000303   Thumb Code     2  startup_tm4c123.o(.text)
    GPIOL_Handler                            0x00000305   Thumb Code     2  startup_tm4c123.o(.text)
    SSI2_Handler                             0x00000307   Thumb Code     2  startup_tm4c123.o(.text)
    SSI3_Handler                             0x00000309   Thumb Code     2  startup_tm4c123.o(.text)
    UART3_Handler                            0x0000030b   Thumb Code     2  startup_tm4c123.o(.text)
    UART4_Handler                            0x0000030d   Thumb Code     2  startup_tm4c123.o(.text)
    UART5_Handler                            0x0000030f   Thumb Code     2  startup_tm4c123.o(.text)
    UART6_Handler                            0x00000311   Thumb Code     2  startup_tm4c123.o(.text)
    UART7_Handler                            0x00000313   Thumb Code     2  startup_tm4c123.o(.text)
    I2C2_Handler                             0x00000315   Thumb Code     2  startup_tm4c123.o(.text)
    I2C3_Handler                             0x00000317   Thumb Code     2  startup_tm4c123.o(.text)
    TIMER4A_Handler                          0x00000319   Thumb Code     2  startup_tm4c123.o(.text)
    TIMER4B_Handler                          0x0000031b   Thumb Code     2  startup_tm4c123.o(.text)
    TIMER5A_Handler                          0x0000031d   Thumb Code     2  startup_tm4c123.o(.text)
    TIMER5B_Handler                          0x0000031f   Thumb Code     2  startup_tm4c123.o(.text)
    WTIMER0A_Handler                         0x00000321   Thumb Code     2  startup_tm4c123.o(.text)
    WTIMER0B_Handler                         0x00000323   Thumb Code     2  startup_tm4c123.o(.text)
    WTIMER1A_Handler                         0x00000325   Thumb Code     2  startup_tm4c123.o(.text)
    WTIMER1B_Handler                         0x00000327   Thumb Code     2  startup_tm4c123.o(.text)
    WTIMER2A_Handler                         0x00000329   Thumb Code     2  startup_tm4c123.o(.text)
    WTIMER2B_Handler                         0x0000032b   Thumb Code     2  startup_tm4c123.o(.text)
    WTIMER3A_Handler                         0x0000032d   Thumb Code     2  startup_tm4c123.o(.text)
    WTIMER3B_Handler                         0x0000032f   Thumb Code     2  startup_tm4c123.o(.text)
    WTIMER4A_Handler                         0x00000331   Thumb Code     2  startup_tm4c123.o(.text)
    WTIMER4B_Handler                         0x00000333   Thumb Code     2  startup_tm4c123.o(.text)
    WTIMER5A_Handler                         0x00000335   Thumb Code     2  startup_tm4c123.o(.text)
    WTIMER5B_Handler                         0x00000337   Thumb Code     2  startup_tm4c123.o(.text)
    FPU_Handler                              0x00000339   Thumb Code     2  startup_tm4c123.o(.text)
    I2C4_Handler                             0x0000033b   Thumb Code     2  startup_tm4c123.o(.text)
    I2C5_Handler                             0x0000033d   Thumb Code     2  startup_tm4c123.o(.text)
    GPIOM_Handler                            0x0000033f   Thumb Code     2  startup_tm4c123.o(.text)
    GPION_Handler                            0x00000341   Thumb Code     2  startup_tm4c123.o(.text)
    QEI2_Handler                             0x00000343   Thumb Code     2  startup_tm4c123.o(.text)
    GPIOP0_Handler                           0x00000345   Thumb Code     2  startup_tm4c123.o(.text)
    GPIOP1_Handler                           0x00000347   Thumb Code     2  startup_tm4c123.o(.text)
    GPIOP2_Handler                           0x00000349   Thumb Code     2  startup_tm4c123.o(.text)
    GPIOP3_Handler                           0x0000034b   Thumb Code     2  startup_tm4c123.o(.text)
    GPIOP4_Handler                           0x0000034d   Thumb Code     2  startup_tm4c123.o(.text)
    GPIOP5_Handler                           0x0000034f   Thumb Code     2  startup_tm4c123.o(.text)
    GPIOP6_Handler                           0x00000351   Thumb Code     2  startup_tm4c123.o(.text)
    GPIOP7_Handler                           0x00000353   Thumb Code     2  startup_tm4c123.o(.text)
    GPIOQ0_Handler                           0x00000355   Thumb Code     2  startup_tm4c123.o(.text)
    GPIOQ1_Handler                           0x00000357   Thumb Code     2  startup_tm4c123.o(.text)
    GPIOQ2_Handler                           0x00000359   Thumb Code     2  startup_tm4c123.o(.text)
    GPIOQ3_Handler                           0x0000035b   Thumb Code     2  startup_tm4c123.o(.text)
    GPIOQ4_Handler                           0x0000035d   Thumb Code     2  startup_tm4c123.o(.text)
    GPIOQ5_Handler                           0x0000035f   Thumb Code     2  startup_tm4c123.o(.text)
    GPIOQ6_Handler                           0x00000361   Thumb Code     2  startup_tm4c123.o(.text)
    GPIOQ7_Handler                           0x00000363   Thumb Code     2  startup_tm4c123.o(.text)
    GPIOR_Handler                            0x00000365   Thumb Code     2  startup_tm4c123.o(.text)
    GPIOS_Handler                            0x00000367   Thumb Code     2  startup_tm4c123.o(.text)
    PMW1_0_Handler                           0x00000369   Thumb Code     2  startup_tm4c123.o(.text)
    PWM1_1_Handler                           0x0000036b   Thumb Code     2  startup_tm4c123.o(.text)
    PWM1_2_Handler                           0x0000036d   Thumb Code     2  startup_tm4c123.o(.text)
    PWM1_3_Handler                           0x0000036f   Thumb Code     2  startup_tm4c123.o(.text)
    PWM1_FAULT_Handler                       0x00000371   Thumb Code     2  startup_tm4c123.o(.text)
    __aeabi_memcpy                           0x0000037d   Thumb Code    36  memcpya.o(.text)
    __aeabi_memcpy4                          0x0000037d   Thumb Code     0  memcpya.o(.text)
    __aeabi_memcpy8                          0x0000037d   Thumb Code     0  memcpya.o(.text)
    __aeabi_memset                           0x000003a1   Thumb Code    14  memseta.o(.text)
    __aeabi_memset4                          0x000003a1   Thumb Code     0  memseta.o(.text)
    __aeabi_memset8                          0x000003a1   Thumb Code     0  memseta.o(.text)
    __aeabi_memclr                           0x000003af   Thumb Code     4  memseta.o(.text)
    __aeabi_memclr4                          0x000003af   Thumb Code     0  memseta.o(.text)
    __aeabi_memclr8                          0x000003af   Thumb Code     0  memseta.o(.text)
    _memset$wrapper                          0x000003b3   Thumb Code    18  memseta.o(.text)
    __scatterload                            0x000003c5   Thumb Code    28  init.o(.text)
    __scatterload_rt2                        0x000003c5   Thumb Code     0  init.o(.text)
    __decompress                             0x000003e9   Thumb Code     0  __dczerorl.o(.text)
    __decompress0                            0x000003e9   Thumb Code    58  __dczerorl.o(.text)
    GPIOA_Handler                            0x00000425   Thumb Code   580  main.o(.text.GPIOA_Handler)
    GPIOB_Handler                            0x00000669   Thumb Code   412  main.o(.text.GPIOB_Handler)
    GPIODirModeSet                           0x00000805   Thumb Code   120  main.o(.text.GPIODirModeSet)
    GPIOIntClear                             0x0000087d   Thumb Code    18  main.o(.text.GPIOIntClear)
    GPIOIntDisable                           0x00000891   Thumb Code    26  main.o(.text.GPIOIntDisable)
    GPIOIntEnable                            0x000008ad   Thumb Code    24  main.o(.text.GPIOIntEnable)
    GPIOIntRegister                          0x000008c5   Thumb Code    34  main.o(.text.GPIOIntRegister)
    GPIOIntTypeSet                           0x000008e9   Thumb Code   220  main.o(.text.GPIOIntTypeSet)
    GPIOPadConfigSet                         0x000009c5   Thumb Code   838  main.o(.text.GPIOPadConfigSet)
    GPIOPinRead                              0x00000d0d   Thumb Code    24  main.o(.text.GPIOPinRead)
    GPIOPinTypeGPIOInput                     0x00000d25   Thumb Code    46  main.o(.text.GPIOPinTypeGPIOInput)
    GPIOPinTypeGPIOOutput                    0x00000d55   Thumb Code    52  main.o(.text.GPIOPinTypeGPIOOutput)
    GPIOPinWrite                             0x00000d89   Thumb Code    34  main.o(.text.GPIOPinWrite)
    GPIOUnlockPin                            0x00000dad   Thumb Code    44  main.o(.text.GPIOUnlockPin)
    PendSV_Handler                           0x00000de1   Thumb Code   100  port.o(.text.PendSV_Handler)
    SVC_Handler                              0x00000e51   Thumb Code    36  port.o(.text.SVC_Handler)
    SysTick_Handler                          0x00000e75   Thumb Code    62  port.o(.text.SysTick_Handler)
    SystemInit                               0x00000eb5   Thumb Code   268  system_tm4c123.o(.text.SystemInit)
    delayMs                                  0x00001045   Thumb Code    62  main.o(.text.delayMs)
    driver_automatic_down                    0x00001085   Thumb Code   140  main.o(.text.driver_automatic_down)
    driver_automatic_up                      0x00001111   Thumb Code   312  main.o(.text.driver_automatic_up)
    driver_manual_down                       0x00001249   Thumb Code   218  main.o(.text.driver_manual_down)
    driver_manual_up                         0x00001325   Thumb Code   208  main.o(.text.driver_manual_up)
    init                                     0x000013f5   Thumb Code   392  main.o(.text.init)
    jamming                                  0x0000157d   Thumb Code    86  main.o(.text.jamming)
    lock                                     0x000015d5   Thumb Code   116  main.o(.text.lock)
    main                                     0x00001649   Thumb Code   674  main.o(.text.main)
    passenger_automatic_down                 0x000018ed   Thumb Code   140  main.o(.text.passenger_automatic_down)
    passenger_automatic_up                   0x00001979   Thumb Code   312  main.o(.text.passenger_automatic_up)
    passenger_manual_down                    0x00001ab1   Thumb Code   176  main.o(.text.passenger_manual_down)
    passenger_manual_up                      0x00001b61   Thumb Code   166  main.o(.text.passenger_manual_up)
    pvPortMalloc                             0x00002a11   Thumb Code   202  heap_1.o(.text.pvPortMalloc)
    pvTaskIncrementMutexHeldCount            0x00002add   Thumb Code    46  tasks.o(.text.pvTaskIncrementMutexHeldCount)
    pxPortInitialiseStack                    0x00002b0d   Thumb Code    94  port.o(.text.pxPortInitialiseStack)
    uxListRemove                             0x00002b6d   Thumb Code    72  list.o(.text.uxListRemove)
    uxTaskGetNumberOfTasks                   0x00002bb5   Thumb Code    12  tasks.o(.text.uxTaskGetNumberOfTasks)
    vListInitialise                          0x00002bc1   Thumb Code    46  list.o(.text.vListInitialise)
    vListInitialiseItem                      0x00002bf1   Thumb Code    14  list.o(.text.vListInitialiseItem)
    vListInsert                              0x00002c01   Thumb Code   108  list.o(.text.vListInsert)
    vPortEnterCritical                       0x00002c81   Thumb Code    88  port.o(.text.vPortEnterCritical)
    vPortExitCritical                        0x00002cd9   Thumb Code    78  port.o(.text.vPortExitCritical)
    vPortFree                                0x00002d29   Thumb Code    38  heap_1.o(.text.vPortFree)
    vPortSetupTimerInterrupt                 0x00002d51   Thumb Code    68  port.o(.text.vPortSetupTimerInterrupt)
    vPortValidateInterruptPriority           0x00002d95   Thumb Code   132  port.o(.text.vPortValidateInterruptPriority)
    vQueueWaitForMessageRestricted           0x00002e19   Thumb Code   106  queue.o(.text.vQueueWaitForMessageRestricted)
    vTaskInternalSetTimeOutState             0x00002e85   Thumb Code    36  tasks.o(.text.vTaskInternalSetTimeOutState)
    vTaskMissedYield                         0x00002ea9   Thumb Code    14  tasks.o(.text.vTaskMissedYield)
    vTaskPlaceOnEventList                    0x00002eb9   Thumb Code    68  tasks.o(.text.vTaskPlaceOnEventList)
    vTaskPlaceOnEventListRestricted          0x00002efd   Thumb Code   128  tasks.o(.text.vTaskPlaceOnEventListRestricted)
    vTaskPriorityDisinheritAfterTimeout      0x00002f7d   Thumb Code   392  tasks.o(.text.vTaskPriorityDisinheritAfterTimeout)
    vTaskStartScheduler                      0x00003105   Thumb Code   190  tasks.o(.text.vTaskStartScheduler)
    vTaskSuspendAll                          0x000031c5   Thumb Code    16  tasks.o(.text.vTaskSuspendAll)
    vTaskSwitchContext                       0x000031d5   Thumb Code   194  tasks.o(.text.vTaskSwitchContext)
    xPortStartScheduler                      0x00003299   Thumb Code   380  port.o(.text.xPortStartScheduler)
    xQueueCreateMutex                        0x00003415   Thumb Code    46  queue.o(.text.xQueueCreateMutex)
    xQueueGenericCreate                      0x00003445   Thumb Code   162  queue.o(.text.xQueueGenericCreate)
    xQueueGenericReset                       0x000034e9   Thumb Code   274  queue.o(.text.xQueueGenericReset)
    xQueueGenericSend                        0x000035fd   Thumb Code   664  queue.o(.text.xQueueGenericSend)
    xQueueGiveFromISR                        0x00003895   Thumb Code   408  queue.o(.text.xQueueGiveFromISR)
    xQueueReceive                            0x00003a2d   Thumb Code   510  queue.o(.text.xQueueReceive)
    xQueueSemaphoreTake                      0x00003c2d   Thumb Code   566  queue.o(.text.xQueueSemaphoreTake)
    xTaskCheckForTimeOut                     0x00003e65   Thumb Code   216  tasks.o(.text.xTaskCheckForTimeOut)
    xTaskCreate                              0x00003f3d   Thumb Code   176  tasks.o(.text.xTaskCreate)
    xTaskGetSchedulerState                   0x00003fed   Thumb Code    60  tasks.o(.text.xTaskGetSchedulerState)
    xTaskGetTickCount                        0x00004029   Thumb Code    20  tasks.o(.text.xTaskGetTickCount)
    xTaskIncrementTick                       0x0000403d   Thumb Code   618  tasks.o(.text.xTaskIncrementTick)
    xTaskPriorityDisinherit                  0x000042a9   Thumb Code   318  tasks.o(.text.xTaskPriorityDisinherit)
    xTaskPriorityInherit                     0x000043e9   Thumb Code   352  tasks.o(.text.xTaskPriorityInherit)
    xTaskRemoveFromEventList                 0x00004549   Thumb Code   398  tasks.o(.text.xTaskRemoveFromEventList)
    xTaskResumeAll                           0x000046d9   Thumb Code   556  tasks.o(.text.xTaskResumeAll)
    xTimerCreateTimerTask                    0x00004905   Thumb Code   112  timers.o(.text.xTimerCreateTimerTask)
    IntEnable                                0x00004975   Thumb Code    92  interrupt.o(i.IntEnable)
    IntPrioritySet                           0x000049d9   Thumb Code    36  interrupt.o(i.IntPrioritySet)
    IntRegister                              0x00004a01   Thumb Code    44  interrupt.o(i.IntRegister)
    SysCtlPeripheralEnable                   0x00004a35   Thumb Code    36  sysctl.o(i.SysCtlPeripheralEnable)
    SysCtlPeripheralReady                    0x00004a5d   Thumb Code    40  sysctl.o(i.SysCtlPeripheralReady)
    __scatterload_copy                       0x00004a89   Thumb Code    14  handlers.o(i.__scatterload_copy)
    __scatterload_null                       0x00004a97   Thumb Code     2  handlers.o(i.__scatterload_null)
    __scatterload_zeroinit                   0x00004a99   Thumb Code    14  handlers.o(i.__scatterload_zeroinit)
    uxTopUsedPriority                        0x00004e18   Data           4  tasks.o(.rodata.uxTopUsedPriority)
    Region$$Table$$Base                      0x00004e1c   Number         0  anon$$obj.o(Region$$Table)
    Region$$Table$$Limit                     0x00004e3c   Number         0  anon$$obj.o(Region$$Table)
    SystemCoreClock                          0x20000000   Data           4  system_tm4c123.o(.data.SystemCoreClock)
    MotorMutex                               0x20000670   Data           4  main.o(.bss.MotorMutex)
    S_driver_automatic_down                  0x20000674   Data           4  main.o(.bss.S_driver_automatic_down)
    S_driver_automatic_up                    0x20000678   Data           4  main.o(.bss.S_driver_automatic_up)
    S_driver_manual_down                     0x2000067c   Data           4  main.o(.bss.S_driver_manual_down)
    S_driver_manual_up                       0x20000680   Data           4  main.o(.bss.S_driver_manual_up)
    S_jamming                                0x20000684   Data           4  main.o(.bss.S_jamming)
    S_lock                                   0x20000688   Data           4  main.o(.bss.S_lock)
    S_passenger_automatic_down               0x2000068c   Data           4  main.o(.bss.S_passenger_automatic_down)
    S_passenger_automatic_up                 0x20000690   Data           4  main.o(.bss.S_passenger_automatic_up)
    S_passenger_manual_down                  0x20000694   Data           4  main.o(.bss.S_passenger_manual_down)
    S_passenger_manual_up                    0x20000698   Data           4  main.o(.bss.S_passenger_manual_up)
    pxCurrentTCB                             0x200006a4   Data           4  tasks.o(.bss.pxCurrentTCB)
    xAutoUpQueue                             0x20002e70   Data           4  main.o(.bss.xAutoUpQueue)
    __initial_sp                             0x20003100   Data           0  startup_tm4c123.o(STACK)



==============================================================================

Memory Map of the image

  Image Entry point : 0x00000281

  Load Region LR_IROM1 (Base: 0x00000000, Size: 0x00005670, Max: 0x00040000, ABSOLUTE, COMPRESSED[0x00005018])

    Execution Region ER_IROM1 (Exec base: 0x00000000, Load base: 0x00000000, Size: 0x00004e3c, Max: 0x00040000, ABSOLUTE)

    Exec Addr    Load Addr    Size         Type   Attr      Idx    E Section Name        Object

    0x00000000   0x00000000   0x0000026c   Data   RO          157    RESET               startup_tm4c123.o
    0x0000026c   0x0000026c   0x00000000   Code   RO         1024  * .ARM.Collect$$$$00000000  mc_w.l(entry.o)
    0x0000026c   0x0000026c   0x00000004   Code   RO         1033    .ARM.Collect$$$$00000001  mc_w.l(entry2.o)
    0x00000270   0x00000270   0x00000004   Code   RO         1036    .ARM.Collect$$$$00000004  mc_w.l(entry5.o)
    0x00000274   0x00000274   0x00000000   Code   RO         1038    .ARM.Collect$$$$00000008  mc_w.l(entry7b.o)
    0x00000274   0x00000274   0x00000000   Code   RO         1040    .ARM.Collect$$$$0000000A  mc_w.l(entry8b.o)
    0x00000274   0x00000274   0x00000008   Code   RO         1041    .ARM.Collect$$$$0000000B  mc_w.l(entry9a.o)
    0x0000027c   0x0000027c   0x00000000   Code   RO         1043    .ARM.Collect$$$$0000000D  mc_w.l(entry10a.o)
    0x0000027c   0x0000027c   0x00000000   Code   RO         1045    .ARM.Collect$$$$0000000F  mc_w.l(entry11a.o)
    0x0000027c   0x0000027c   0x00000004   Code   RO         1034    .ARM.Collect$$$$00002712  mc_w.l(entry2.o)
    0x00000280   0x00000280   0x000000fc   Code   RO          158  * .text               startup_tm4c123.o
    0x0000037c   0x0000037c   0x00000024   Code   RO         1027    .text               mc_w.l(memcpya.o)
    0x000003a0   0x000003a0   0x00000024   Code   RO         1029    .text               mc_w.l(memseta.o)
    0x000003c4   0x000003c4   0x00000024   Code   RO         1047    .text               mc_w.l(init.o)
    0x000003e8   0x000003e8   0x0000003a   Code   RO         1057    .text               mc_w.l(__dczerorl.o)
    0x00000422   0x00000422   0x00000002   PAD
    0x00000424   0x00000424   0x00000244   Code   RO          128    .text.GPIOA_Handler  main.o
    0x00000668   0x00000668   0x0000019c   Code   RO          130    .text.GPIOB_Handler  main.o
    0x00000804   0x00000804   0x00000078   Code   RO            2    .text.GPIODirModeSet  main.o
    0x0000087c   0x0000087c   0x00000012   Code   RO           20    .text.GPIOIntClear  main.o
    0x0000088e   0x0000088e   0x00000002   PAD
    0x00000890   0x00000890   0x0000001a   Code   RO           16    .text.GPIOIntDisable  main.o
    0x000008aa   0x000008aa   0x00000002   PAD
    0x000008ac   0x000008ac   0x00000018   Code   RO           14    .text.GPIOIntEnable  main.o
    0x000008c4   0x000008c4   0x00000022   Code   RO           22    .text.GPIOIntRegister  main.o
    0x000008e6   0x000008e6   0x00000002   PAD
    0x000008e8   0x000008e8   0x000000dc   Code   RO            6    .text.GPIOIntTypeSet  main.o
    0x000009c4   0x000009c4   0x00000346   Code   RO           10    .text.GPIOPadConfigSet  main.o
    0x00000d0a   0x00000d0a   0x00000002   PAD
    0x00000d0c   0x00000d0c   0x00000018   Code   RO           32    .text.GPIOPinRead   main.o
    0x00000d24   0x00000d24   0x0000002e   Code   RO           52    .text.GPIOPinTypeGPIOInput  main.o
    0x00000d52   0x00000d52   0x00000002   PAD
    0x00000d54   0x00000d54   0x00000034   Code   RO           54    .text.GPIOPinTypeGPIOOutput  main.o
    0x00000d88   0x00000d88   0x00000022   Code   RO           34    .text.GPIOPinWrite  main.o
    0x00000daa   0x00000daa   0x00000002   PAD
    0x00000dac   0x00000dac   0x0000002c   Code   RO          100    .text.GPIOUnlockPin  main.o
    0x00000dd8   0x00000dd8   0x00000008   PAD
    0x00000de0   0x00000de0   0x00000064   Code   RO          217    .text.PendSV_Handler  port.o
    0x00000e44   0x00000e44   0x0000000c   PAD
    0x00000e50   0x00000e50   0x00000024   Code   RO          201    .text.SVC_Handler   port.o
    0x00000e74   0x00000e74   0x0000003e   Code   RO          219    .text.SysTick_Handler  port.o
    0x00000eb2   0x00000eb2   0x00000002   PAD
    0x00000eb4   0x00000eb4   0x0000010c   Code   RO          169    .text.SystemInit    system_tm4c123.o
    0x00000fc0   0x00000fc0   0x00000084   Code   RO           24    .text._GPIOIntNumberGet  main.o
    0x00001044   0x00001044   0x0000003e   Code   RO          102    .text.delayMs       main.o
    0x00001082   0x00001082   0x00000002   PAD
    0x00001084   0x00001084   0x0000008c   Code   RO          112    .text.driver_automatic_down  main.o
    0x00001110   0x00001110   0x00000138   Code   RO          110    .text.driver_automatic_up  main.o
    0x00001248   0x00001248   0x000000da   Code   RO          108    .text.driver_manual_down  main.o
    0x00001322   0x00001322   0x00000002   PAD
    0x00001324   0x00001324   0x000000d0   Code   RO          106    .text.driver_manual_up  main.o
    0x000013f4   0x000013f4   0x00000188   Code   RO          126    .text.init          main.o
    0x0000157c   0x0000157c   0x00000056   Code   RO          122    .text.jamming       main.o
    0x000015d2   0x000015d2   0x00000002   PAD
    0x000015d4   0x000015d4   0x00000074   Code   RO          124    .text.lock          main.o
    0x00001648   0x00001648   0x000002a2   Code   RO          104    .text.main          main.o
    0x000018ea   0x000018ea   0x00000002   PAD
    0x000018ec   0x000018ec   0x0000008c   Code   RO          120    .text.passenger_automatic_down  main.o
    0x00001978   0x00001978   0x00000138   Code   RO          118    .text.passenger_automatic_up  main.o
    0x00001ab0   0x00001ab0   0x000000b0   Code   RO          116    .text.passenger_manual_down  main.o
    0x00001b60   0x00001b60   0x000000a6   Code   RO          114    .text.passenger_manual_up  main.o
    0x00001c06   0x00001c06   0x00000002   PAD
    0x00001c08   0x00001c08   0x00000122   Code   RO          344    .text.prvAddCurrentTaskToDelayedList  tasks.o
    0x00001d2a   0x00001d2a   0x00000002   PAD
    0x00001d2c   0x00001d2c   0x00000154   Code   RO          332    .text.prvAddNewTaskToReadyList  tasks.o
    0x00001e80   0x00001e80   0x0000006c   Code   RO          468    .text.prvCheckForValidListAndQueue  timers.o
    0x00001eec   0x00001eec   0x0000005e   Code   RO          434    .text.prvCheckTasksWaitingTermination  tasks.o
    0x00001f4a   0x00001f4a   0x00000002   PAD
    0x00001f4c   0x00001f4c   0x0000004a   Code   RO          285    .text.prvCopyDataFromQueue  queue.o
    0x00001f96   0x00001f96   0x00000002   PAD
    0x00001f98   0x00001f98   0x000000e0   Code   RO          271    .text.prvCopyDataToQueue  queue.o
    0x00002078   0x00002078   0x00000018   Code   RO          338    .text.prvDeleteTCB  tasks.o
    0x00002090   0x00002090   0x00000028   Code   RO          289    .text.prvGetDisinheritPriorityAfterTimeout  queue.o
    0x000020b8   0x000020b8   0x00000042   Code   RO          498    .text.prvGetNextExpireTime  timers.o
    0x000020fa   0x000020fa   0x00000002   PAD
    0x000020fc   0x000020fc   0x00000038   Code   RO          370    .text.prvIdleTask   tasks.o
    0x00002134   0x00002134   0x00000030   Code   RO          259    .text.prvInitialiseMutex  queue.o
    0x00002164   0x00002164   0x00000048   Code   RO          255    .text.prvInitialiseNewQueue  queue.o
    0x000021ac   0x000021ac   0x0000011a   Code   RO          330    .text.prvInitialiseNewTask  tasks.o
    0x000022c6   0x000022c6   0x00000002   PAD
    0x000022c8   0x000022c8   0x0000008e   Code   RO          432    .text.prvInitialiseTaskLists  tasks.o
    0x00002356   0x00002356   0x00000002   PAD
    0x00002358   0x00002358   0x00000086   Code   RO          512    .text.prvInsertTimerInActiveList  timers.o
    0x000023de   0x000023de   0x00000002   PAD
    0x000023e0   0x000023e0   0x0000002a   Code   RO          287    .text.prvIsQueueEmpty  queue.o
    0x0000240a   0x0000240a   0x00000002   PAD
    0x0000240c   0x0000240c   0x0000002e   Code   RO          275    .text.prvIsQueueFull  queue.o
    0x0000243a   0x0000243a   0x00000002   PAD
    0x0000243c   0x0000243c   0x000000f4   Code   RO          273    .text.prvNotifyQueueSetContainer  queue.o
    0x00002530   0x00002530   0x00000028   Code   RO          209    .text.prvPortStartFirstTask  port.o
    0x00002558   0x00002558   0x00000054   Code   RO          506    .text.prvProcessExpiredTimer  timers.o
    0x000025ac   0x000025ac   0x0000015a   Code   RO          502    .text.prvProcessReceivedCommands  timers.o
    0x00002706   0x00002706   0x00000002   PAD
    0x00002708   0x00002708   0x000000a8   Code   RO          500    .text.prvProcessTimerOrBlockTask  timers.o
    0x000027b0   0x000027b0   0x0000003e   Code   RO          510    .text.prvReloadTimer  timers.o
    0x000027ee   0x000027ee   0x00000002   PAD
    0x000027f0   0x000027f0   0x0000003e   Code   RO          336    .text.prvResetNextTaskUnblockTime  tasks.o
    0x0000282e   0x0000282e   0x00000002   PAD
    0x00002830   0x00002830   0x00000044   Code   RO          504    .text.prvSampleTimeNow  timers.o
    0x00002874   0x00002874   0x00000054   Code   RO          508    .text.prvSwitchTimerLists  timers.o
    0x000028c8   0x000028c8   0x00000050   Code   RO          199    .text.prvTaskExitError  port.o
    0x00002918   0x00002918   0x0000001e   Code   RO          470    .text.prvTimerTask  timers.o
    0x00002936   0x00002936   0x00000002   PAD
    0x00002938   0x00002938   0x000000d8   Code   RO          277    .text.prvUnlockQueue  queue.o
    0x00002a10   0x00002a10   0x000000ca   Code   RO          233    .text.pvPortMalloc  heap_1.o
    0x00002ada   0x00002ada   0x00000002   PAD
    0x00002adc   0x00002adc   0x0000002e   Code   RO          416    .text.pvTaskIncrementMutexHeldCount  tasks.o
    0x00002b0a   0x00002b0a   0x00000002   PAD
    0x00002b0c   0x00002b0c   0x0000005e   Code   RO          197    .text.pxPortInitialiseStack  port.o
    0x00002b6a   0x00002b6a   0x00000002   PAD
    0x00002b6c   0x00002b6c   0x00000048   Code   RO          188    .text.uxListRemove  list.o
    0x00002bb4   0x00002bb4   0x0000000c   Code   RO          380    .text.uxTaskGetNumberOfTasks  tasks.o
    0x00002bc0   0x00002bc0   0x0000002e   Code   RO          180    .text.vListInitialise  list.o
    0x00002bee   0x00002bee   0x00000002   PAD
    0x00002bf0   0x00002bf0   0x0000000e   Code   RO          182    .text.vListInitialiseItem  list.o
    0x00002bfe   0x00002bfe   0x00000002   PAD
    0x00002c00   0x00002c00   0x0000006c   Code   RO          186    .text.vListInsert   list.o
    0x00002c6c   0x00002c6c   0x00000014   Code   RO          207    .text.vPortEnableVFP  port.o
    0x00002c80   0x00002c80   0x00000058   Code   RO          213    .text.vPortEnterCritical  port.o
    0x00002cd8   0x00002cd8   0x0000004e   Code   RO          215    .text.vPortExitCritical  port.o
    0x00002d26   0x00002d26   0x00000002   PAD
    0x00002d28   0x00002d28   0x00000026   Code   RO          235    .text.vPortFree     heap_1.o
    0x00002d4e   0x00002d4e   0x00000002   PAD
    0x00002d50   0x00002d50   0x00000044   Code   RO          205    .text.vPortSetupTimerInterrupt  port.o
    0x00002d94   0x00002d94   0x00000084   Code   RO          221    .text.vPortValidateInterruptPriority  port.o
    0x00002e18   0x00002e18   0x0000006a   Code   RO          309    .text.vQueueWaitForMessageRestricted  queue.o
    0x00002e82   0x00002e82   0x00000002   PAD
    0x00002e84   0x00002e84   0x00000024   Code   RO          398    .text.vTaskInternalSetTimeOutState  tasks.o
    0x00002ea8   0x00002ea8   0x0000000e   Code   RO          402    .text.vTaskMissedYield  tasks.o
    0x00002eb6   0x00002eb6   0x00000002   PAD
    0x00002eb8   0x00002eb8   0x00000044   Code   RO          386    .text.vTaskPlaceOnEventList  tasks.o
    0x00002efc   0x00002efc   0x00000080   Code   RO          390    .text.vTaskPlaceOnEventListRestricted  tasks.o
    0x00002f7c   0x00002f7c   0x00000188   Code   RO          412    .text.vTaskPriorityDisinheritAfterTimeout  tasks.o
    0x00003104   0x00003104   0x000000be   Code   RO          368    .text.vTaskStartScheduler  tasks.o
    0x000031c2   0x000031c2   0x00000002   PAD
    0x000031c4   0x000031c4   0x00000010   Code   RO          342    .text.vTaskSuspendAll  tasks.o
    0x000031d4   0x000031d4   0x000000c2   Code   RO          360    .text.vTaskSwitchContext  tasks.o
    0x00003296   0x00003296   0x00000002   PAD
    0x00003298   0x00003298   0x0000017c   Code   RO          203    .text.xPortStartScheduler  port.o
    0x00003414   0x00003414   0x0000002e   Code   RO          257    .text.xQueueCreateMutex  queue.o
    0x00003442   0x00003442   0x00000002   PAD
    0x00003444   0x00003444   0x000000a2   Code   RO          253    .text.xQueueGenericCreate  queue.o
    0x000034e6   0x000034e6   0x00000002   PAD
    0x000034e8   0x000034e8   0x00000112   Code   RO          251    .text.xQueueGenericReset  queue.o
    0x000035fa   0x000035fa   0x00000002   PAD
    0x000035fc   0x000035fc   0x00000298   Code   RO          263    .text.xQueueGenericSend  queue.o
    0x00003894   0x00003894   0x00000198   Code   RO          281    .text.xQueueGiveFromISR  queue.o
    0x00003a2c   0x00003a2c   0x000001fe   Code   RO          283    .text.xQueueReceive  queue.o
    0x00003c2a   0x00003c2a   0x00000002   PAD
    0x00003c2c   0x00003c2c   0x00000236   Code   RO          267    .text.xQueueSemaphoreTake  queue.o
    0x00003e62   0x00003e62   0x00000002   PAD
    0x00003e64   0x00003e64   0x000000d8   Code   RO          400    .text.xTaskCheckForTimeOut  tasks.o
    0x00003f3c   0x00003f3c   0x000000b0   Code   RO          328    .text.xTaskCreate   tasks.o
    0x00003fec   0x00003fec   0x0000003c   Code   RO          406    .text.xTaskGetSchedulerState  tasks.o
    0x00004028   0x00004028   0x00000014   Code   RO          376    .text.xTaskGetTickCount  tasks.o
    0x0000403c   0x0000403c   0x0000026a   Code   RO          374    .text.xTaskIncrementTick  tasks.o
    0x000042a6   0x000042a6   0x00000002   PAD
    0x000042a8   0x000042a8   0x0000013e   Code   RO          410    .text.xTaskPriorityDisinherit  tasks.o
    0x000043e6   0x000043e6   0x00000002   PAD
    0x000043e8   0x000043e8   0x00000160   Code   RO          408    .text.xTaskPriorityInherit  tasks.o
    0x00004548   0x00004548   0x0000018e   Code   RO          392    .text.xTaskRemoveFromEventList  tasks.o
    0x000046d6   0x000046d6   0x00000002   PAD
    0x000046d8   0x000046d8   0x0000022c   Code   RO          346    .text.xTaskResumeAll  tasks.o
    0x00004904   0x00004904   0x00000070   Code   RO          466    .text.xTimerCreateTimerTask  timers.o
    0x00004974   0x00004974   0x00000064   Code   RO          529    i.IntEnable         driverlib.lib(interrupt.o)
    0x000049d8   0x000049d8   0x00000028   Code   RO          540    i.IntPrioritySet    driverlib.lib(interrupt.o)
    0x00004a00   0x00004a00   0x00000034   Code   RO          541    i.IntRegister       driverlib.lib(interrupt.o)
    0x00004a34   0x00004a34   0x00000028   Code   RO          697    i.SysCtlPeripheralEnable  driverlib.lib(sysctl.o)
    0x00004a5c   0x00004a5c   0x0000002c   Code   RO          701    i.SysCtlPeripheralReady  driverlib.lib(sysctl.o)
    0x00004a88   0x00004a88   0x0000000e   Code   RO         1051    i.__scatterload_copy  mc_w.l(handlers.o)
    0x00004a96   0x00004a96   0x00000002   Code   RO         1052    i.__scatterload_null  mc_w.l(handlers.o)
    0x00004a98   0x00004a98   0x0000000e   Code   RO         1053    i.__scatterload_zeroinit  mc_w.l(handlers.o)
    0x00004aa6   0x00004aa6   0x00000002   PAD
    0x00004aa8   0x00004aa8   0x0000010c   Data   RO          545    .constdata          driverlib.lib(interrupt.o)
    0x00004bb4   0x00004bb4   0x000000c0   Data   RO          146    .rodata.g_ppui32GPIOIntMapBlizzard  main.o
    0x00004c74   0x00004c74   0x000000d8   Data   RO          147    .rodata.g_ppui32GPIOIntMapSnowflake  main.o
    0x00004d4c   0x00004d4c   0x000000bf   Data   RO          144    .rodata.str1.1      main.o
    0x00004e0b   0x00004e0b   0x00000005   Data   RO          452    .rodata.str1.1      tasks.o
    0x00004e10   0x00004e10   0x00000008   Data   RO          515    .rodata.str1.1      timers.o
    0x00004e18   0x00004e18   0x00000004   Data   RO          437    .rodata.uxTopUsedPriority  tasks.o
    0x00004e1c   0x00004e1c   0x00000020   Data   RO         1050    Region$$Table       anon$$obj.o


    Execution Region RW_IRAM1 (Exec base: 0x20000000, Load base: 0x00005000, Size: 0x00003100, Max: 0x00008000, ABSOLUTE, COMPRESSED[0x00000018])

    Exec Addr    Load Addr    Size         Type   Attr      Idx    E Section Name        Object

    0x20000000   COMPRESSED   0x00000004   Data   RW          171    .data.SystemCoreClock  system_tm4c123.o
    0x20000004   COMPRESSED   0x00000004   Data   RW          225    .data.uxCriticalNesting  port.o
    0x20000008   COMPRESSED   0x000003f8   PAD
    0x20000400   COMPRESSED   0x0000026c   Data   RW          546    vtable              driverlib.lib(interrupt.o)
    0x2000066c   COMPRESSED   0x00000004   PAD
    0x20000670        -       0x00000004   Zero   RW          143    .bss.MotorMutex     main.o
    0x20000674        -       0x00000004   Zero   RW          136    .bss.S_driver_automatic_down  main.o
    0x20000678        -       0x00000004   Zero   RW          135    .bss.S_driver_automatic_up  main.o
    0x2000067c        -       0x00000004   Zero   RW          134    .bss.S_driver_manual_down  main.o
    0x20000680        -       0x00000004   Zero   RW          133    .bss.S_driver_manual_up  main.o
    0x20000684        -       0x00000004   Zero   RW          141    .bss.S_jamming      main.o
    0x20000688        -       0x00000004   Zero   RW          142    .bss.S_lock         main.o
    0x2000068c        -       0x00000004   Zero   RW          140    .bss.S_passenger_automatic_down  main.o
    0x20000690        -       0x00000004   Zero   RW          139    .bss.S_passenger_automatic_up  main.o
    0x20000694        -       0x00000004   Zero   RW          138    .bss.S_passenger_manual_down  main.o
    0x20000698        -       0x00000004   Zero   RW          137    .bss.S_passenger_manual_up  main.o
    0x2000069c        -       0x00000004   Zero   RW          519    .bss.prvSampleTimeNow.xLastTime  timers.o
    0x200006a0        -       0x00000004   Zero   RW          241    .bss.pvPortMalloc.pucAlignedHeap  heap_1.o
    0x200006a4        -       0x00000004   Zero   RW          436    .bss.pxCurrentTCB   tasks.o
    0x200006a8        -       0x00000004   Zero   RW          517    .bss.pxCurrentTimerList  timers.o
    0x200006ac        -       0x00000004   Zero   RW          447    .bss.pxDelayedTaskList  tasks.o
    0x200006b0        -       0x00000004   Zero   RW          448    .bss.pxOverflowDelayedTaskList  tasks.o
    0x200006b4        -       0x00000004   Zero   RW          518    .bss.pxOverflowTimerList  timers.o
    0x200006b8        -       0x00000064   Zero   RW          438    .bss.pxReadyTasksLists  tasks.o
    0x2000071c        -       0x00002710   Zero   RW          242    .bss.ucHeap         heap_1.o
    0x20002e2c        -       0x00000001   Zero   RW          223    .bss.ucMaxSysCallPriority  port.o
    0x20002e2d   COMPRESSED   0x00000003   PAD
    0x20002e30        -       0x00000004   Zero   RW          224    .bss.ulMaxPRIGROUPValue  port.o
    0x20002e34        -       0x00000004   Zero   RW          443    .bss.uxCurrentNumberOfTasks  tasks.o
    0x20002e38        -       0x00000004   Zero   RW          442    .bss.uxDeletedTasksWaitingCleanUp  tasks.o
    0x20002e3c        -       0x00000004   Zero   RW          445    .bss.uxSchedulerSuspended  tasks.o
    0x20002e40        -       0x00000004   Zero   RW          440    .bss.uxTaskNumber   tasks.o
    0x20002e44        -       0x00000004   Zero   RW          439    .bss.uxTopReadyPriority  tasks.o
    0x20002e48        -       0x00000014   Zero   RW          520    .bss.xActiveTimerList1  timers.o
    0x20002e5c        -       0x00000014   Zero   RW          521    .bss.xActiveTimerList2  timers.o
    0x20002e70        -       0x00000004   Zero   RW          145    .bss.xAutoUpQueue   main.o
    0x20002e74        -       0x00000014   Zero   RW          457    .bss.xDelayedTaskList1  tasks.o
    0x20002e88        -       0x00000014   Zero   RW          458    .bss.xDelayedTaskList2  tasks.o
    0x20002e9c        -       0x00000004   Zero   RW          453    .bss.xIdleTaskHandle  tasks.o
    0x20002ea0        -       0x00000004   Zero   RW          243    .bss.xNextFreeByte  heap_1.o
    0x20002ea4        -       0x00000004   Zero   RW          454    .bss.xNextTaskUnblockTime  tasks.o
    0x20002ea8        -       0x00000004   Zero   RW          456    .bss.xNumOfOverflows  tasks.o
    0x20002eac        -       0x00000004   Zero   RW          455    .bss.xPendedTicks   tasks.o
    0x20002eb0        -       0x00000014   Zero   RW          451    .bss.xPendingReadyList  tasks.o
    0x20002ec4        -       0x00000004   Zero   RW          444    .bss.xSchedulerRunning  tasks.o
    0x20002ec8        -       0x00000014   Zero   RW          449    .bss.xSuspendedTaskList  tasks.o
    0x20002edc        -       0x00000014   Zero   RW          441    .bss.xTasksWaitingTermination  tasks.o
    0x20002ef0        -       0x00000004   Zero   RW          446    .bss.xTickCount     tasks.o
    0x20002ef4        -       0x00000004   Zero   RW          514    .bss.xTimerQueue    timers.o
    0x20002ef8        -       0x00000004   Zero   RW          516    .bss.xTimerTaskHandle  timers.o
    0x20002efc        -       0x00000004   Zero   RW          450    .bss.xYieldPending  tasks.o
    0x20002f00        -       0x00000200   Zero   RW          155    STACK               startup_tm4c123.o


==============================================================================

Image component sizes


      Code (inc. data)   RO Data    RW Data    ZI Data      Debug   Object Name

       240          0          0          0      10008       1855   heap_1.o
       240          0          0          0          0       2459   list.o
      5606          0        599          0         48      14443   main.o
      1178         16          0          4          5       4111   port.o
      3742          0          0          0          0      16242   queue.o
       252         10        620          0        512       5548   startup_tm4c123.o
       268          0          0          4          0       6847   system_tm4c123.o
      5100          0          9          0        260      22406   tasks.o
      1262         10          8          0         60       8519   timers.o

    ----------------------------------------------------------------------
     17996         48       1268       1024      10896      82430   Object Totals
         0          0         32          0          0          0   (incl. Generated)
       108         12          0       1016          3          0   (incl. Padding)

    ----------------------------------------------------------------------

      Code (inc. data)   RO Data    RW Data    ZI Data      Debug   Library Member Name

       192         20        268        620          0       7171   interrupt.o
        84          8          0          0          0       1021   sysctl.o
        58          0          0          0          0          0   __dczerorl.o
         0          0          0          0          0          0   entry.o
         0          0          0          0          0          0   entry10a.o
         0          0          0          0          0          0   entry11a.o
         8          4          0          0          0          0   entry2.o
         4          0          0          0          0          0   entry5.o
         0          0          0          0          0          0   entry7b.o
         0          0          0          0          0          0   entry8b.o
         8          4          0          0          0          0   entry9a.o
        30          0          0          0          0          0   handlers.o
        36          8          0          0          0         68   init.o
        36          0          0          0          0         68   memcpya.o
        36          0          0          0          0        108   memseta.o

    ----------------------------------------------------------------------
       496         44        268        620          4       8436   Library Totals
         4          0          0          0          4          0   (incl. Padding)

    ----------------------------------------------------------------------

      Code (inc. data)   RO Data    RW Data    ZI Data      Debug   Library Name

       276         28        268        620          0       8192   driverlib.lib
       216         16          0          0          0        244   mc_w.l

    ----------------------------------------------------------------------
       496         44        268        620          4       8436   Library Totals

    ----------------------------------------------------------------------

==============================================================================


      Code (inc. data)   RO Data    RW Data    ZI Data      Debug   

     18492         92       1536       1644      10900      90786   Grand Totals
     18492         92       1536         24      10900      90786   ELF Image Totals (compressed)
     18492         92       1536         24          0          0   ROM Totals

==============================================================================

    Total RO  Size (Code + RO Data)                20028 (  19.56kB)
    Total RW  Size (RW Data + ZI Data)             12544 (  12.25kB)
    Total ROM Size (Code + RO Data + RW Data)      20052 (  19.58kB)

==============================================================================

